Archive member included to satisfy reference by file (symbol)

c:/nxp/mcuxpressoide_11.8.0_1165/ide/plugins/com.nxp.mcuxpresso.tools.win32_11.8.0.202306131047/tools/bin/../lib/gcc/arm-none-eabi/12.2.1/../../../../arm-none-eabi/lib/thumb/v6-m/nofp\libcr_semihost_nf.a(__ciob.o)
                              ./source/UART_terminal.o (__Ciob)
c:/nxp/mcuxpressoide_11.8.0_1165/ide/plugins/com.nxp.mcuxpresso.tools.win32_11.8.0.202306131047/tools/bin/../lib/gcc/arm-none-eabi/12.2.1/../../../../arm-none-eabi/lib/thumb/v6-m/nofp\libcr_semihost_nf.a(_cr__main.o)
                              ./startup/startup_mkl25z4.o (__main)
c:/nxp/mcuxpressoide_11.8.0_1165/ide/plugins/com.nxp.mcuxpresso.tools.win32_11.8.0.202306131047/tools/bin/../lib/gcc/arm-none-eabi/12.2.1/../../../../arm-none-eabi/lib/thumb/v6-m/nofp\libcr_semihost_nf.a(_cr_assert.o)
                              ./drivers/fsl_clock.o (__assertion_failed)
c:/nxp/mcuxpressoide_11.8.0_1165/ide/plugins/com.nxp.mcuxpresso.tools.win32_11.8.0.202306131047/tools/bin/../lib/gcc/arm-none-eabi/12.2.1/../../../../arm-none-eabi/lib/thumb/v6-m/nofp\libcr_semihost_nf.a(__sys_appexit.o)
                              c:/nxp/mcuxpressoide_11.8.0_1165/ide/plugins/com.nxp.mcuxpresso.tools.win32_11.8.0.202306131047/tools/bin/../lib/gcc/arm-none-eabi/12.2.1/../../../../arm-none-eabi/lib/thumb/v6-m/nofp\libcr_semihost_nf.a(_cr_assert.o) (__sys_appexit)
c:/nxp/mcuxpressoide_11.8.0_1165/ide/plugins/com.nxp.mcuxpresso.tools.win32_11.8.0.202306131047/tools/bin/../lib/gcc/arm-none-eabi/12.2.1/../../../../arm-none-eabi/lib/thumb/v6-m/nofp\libcr_c.a(memcpy.o)
                              ./drivers/fsl_flash.o (memcpy)
c:/nxp/mcuxpressoide_11.8.0_1165/ide/plugins/com.nxp.mcuxpresso.tools.win32_11.8.0.202306131047/tools/bin/../lib/gcc/arm-none-eabi/12.2.1/../../../../arm-none-eabi/lib/thumb/v6-m/nofp\libcr_c.a(memset.o)
                              ./source/cbfifo.o (memset)
c:/nxp/mcuxpressoide_11.8.0_1165/ide/plugins/com.nxp.mcuxpresso.tools.win32_11.8.0.202306131047/tools/bin/../lib/gcc/arm-none-eabi/12.2.1/../../../../arm-none-eabi/lib/thumb/v6-m/nofp\libcr_c.a(__fillbuf.o)
                              ./source/UART_terminal.o (__filbuf)
c:/nxp/mcuxpressoide_11.8.0_1165/ide/plugins/com.nxp.mcuxpresso.tools.win32_11.8.0.202306131047/tools/bin/../lib/gcc/arm-none-eabi/12.2.1/../../../../arm-none-eabi/lib/thumb/v6-m/nofp\libcr_c.a(_deferredlazyseek.o)
                              c:/nxp/mcuxpressoide_11.8.0_1165/ide/plugins/com.nxp.mcuxpresso.tools.win32_11.8.0.202306131047/tools/bin/../lib/gcc/arm-none-eabi/12.2.1/../../../../arm-none-eabi/lib/thumb/v6-m/nofp\libcr_c.a(__fillbuf.o) (_deferredlazyseek)
c:/nxp/mcuxpressoide_11.8.0_1165/ide/plugins/com.nxp.mcuxpresso.tools.win32_11.8.0.202306131047/tools/bin/../lib/gcc/arm-none-eabi/12.2.1/../../../../arm-none-eabi/lib/thumb/v6-m/nofp\libcr_c.a(_fflush.o)
                              c:/nxp/mcuxpressoide_11.8.0_1165/ide/plugins/com.nxp.mcuxpresso.tools.win32_11.8.0.202306131047/tools/bin/../lib/gcc/arm-none-eabi/12.2.1/../../../../arm-none-eabi/lib/thumb/v6-m/nofp\libcr_c.a(__fillbuf.o) (_fflush)
c:/nxp/mcuxpressoide_11.8.0_1165/ide/plugins/com.nxp.mcuxpresso.tools.win32_11.8.0.202306131047/tools/bin/../lib/gcc/arm-none-eabi/12.2.1/../../../../arm-none-eabi/lib/thumb/v6-m/nofp\libcr_c.a(_writebuf.o)
                              c:/nxp/mcuxpressoide_11.8.0_1165/ide/plugins/com.nxp.mcuxpresso.tools.win32_11.8.0.202306131047/tools/bin/../lib/gcc/arm-none-eabi/12.2.1/../../../../arm-none-eabi/lib/thumb/v6-m/nofp\libcr_c.a(_deferredlazyseek.o) (_Cwritebuf)
c:/nxp/mcuxpressoide_11.8.0_1165/ide/plugins/com.nxp.mcuxpresso.tools.win32_11.8.0.202306131047/tools/bin/../lib/gcc/arm-none-eabi/12.2.1/../../../../arm-none-eabi/lib/thumb/v6-m/nofp\libcr_c.a(alloc.o)
                              c:/nxp/mcuxpressoide_11.8.0_1165/ide/plugins/com.nxp.mcuxpresso.tools.win32_11.8.0.202306131047/tools/bin/../lib/gcc/arm-none-eabi/12.2.1/../../../../arm-none-eabi/lib/thumb/v6-m/nofp\libcr_c.a(__fillbuf.o) (_Csys_alloc)
c:/nxp/mcuxpressoide_11.8.0_1165/ide/plugins/com.nxp.mcuxpresso.tools.win32_11.8.0.202306131047/tools/bin/../lib/gcc/arm-none-eabi/12.2.1/../../../../arm-none-eabi/lib/thumb/v6-m/nofp\libcr_c.a(ctype.o)
                              ./source/processor.o (toupper)
c:/nxp/mcuxpressoide_11.8.0_1165/ide/plugins/com.nxp.mcuxpresso.tools.win32_11.8.0.202306131047/tools/bin/../lib/gcc/arm-none-eabi/12.2.1/../../../../arm-none-eabi/lib/thumb/v6-m/nofp\libcr_c.a(fputs.o)
                              c:/nxp/mcuxpressoide_11.8.0_1165/ide/plugins/com.nxp.mcuxpresso.tools.win32_11.8.0.202306131047/tools/bin/../lib/gcc/arm-none-eabi/12.2.1/../../../../arm-none-eabi/lib/thumb/v6-m/nofp\libcr_semihost_nf.a(_cr_assert.o) (fputs)
c:/nxp/mcuxpressoide_11.8.0_1165/ide/plugins/com.nxp.mcuxpresso.tools.win32_11.8.0.202306131047/tools/bin/../lib/gcc/arm-none-eabi/12.2.1/../../../../arm-none-eabi/lib/thumb/v6-m/nofp\libcr_c.a(fseek.o)
[...]
Memory Configuration

Name             Origin             Length             Attributes
PROGRAM_FLASH    0x00000000         0x00020000         xr
SRAM             0x1ffff000         0x00004000         xrw
*default*        0x00000000         0xffffffff

Linker script and memory map

LOAD ./utilities/fsl_debug_console.o
LOAD ./startup/startup_mkl25z4.o
LOAD ./source/DHT11.o
LOAD ./source/I2C.o
LOAD ./source/LCD.o
LOAD ./source/RTC.o
LOAD ./source/UART.o
LOAD ./source/UART_terminal.o
LOAD ./source/cbfifo.o
LOAD ./source/main.o
LOAD ./source/mtb.o
LOAD ./source/processor.o
LOAD ./source/semihost_hardfault.o
LOAD ./source/timers.o
LOAD ./drivers/fsl_clock.o
LOAD ./drivers/fsl_common.o
LOAD ./drivers/fsl_flash.o
LOAD ./drivers/fsl_gpio.o
LOAD ./drivers/fsl_lpsci.o
LOAD ./drivers/fsl_smc.o
LOAD ./drivers/fsl_uart.o
LOAD ./board/board.o
LOAD ./board/clock_config.o
LOAD ./board/peripherals.o
LOAD ./board/pin_mux.o
LOAD ./CMSIS/system_MKL25Z4.o
START GROUP
LOAD c:/nxp/mcuxpressoide_11.8.0_1165/ide/plugins/com.nxp.mcuxpresso.tools.win32_11.8.0.202306131047/tools/bin/../lib/gcc/arm-none-eabi/12.2.1/../../../../arm-none-eabi/lib/thumb/v6-m/nofp\libcr_semihost_nf.a
LOAD c:/nxp/mcuxpressoide_11.8.0_1165/ide/plugins/com.nxp.mcuxpresso.tools.win32_11.8.0.202306131047/tools/bin/../lib/gcc/arm-none-eabi/12.2.1/../../../../arm-none-eabi/lib/thumb/v6-m/nofp\libcr_c.a
LOAD c:/nxp/mcuxpressoide_11.8.0_1165/ide/plugins/com.nxp.mcuxpresso.tools.win32_11.8.0.202306131047/tools/bin/../lib/gcc/arm-none-eabi/12.2.1/thumb/v6-m/nofp\libcr_eabihelpers.a
LOAD c:/nxp/mcuxpressoide_11.8.0_1165/ide/plugins/com.nxp.mcuxpresso.tools.win32_11.8.0.202306131047/tools/bin/../lib/gcc/arm-none-eabi/12.2.1/thumb/v6-m/nofp\libgcc.a
END GROUP
                0x00000000                __base_PROGRAM_FLASH = 0x0
                0x00000000                __base_Flash = 0x0
                0x00020000                __top_PROGRAM_FLASH = 0x20000
                0x00020000                __top_Flash = 0x20000
                0x1ffff000                __base_SRAM = 0x1ffff000
                0x1ffff000                __base_RAM = 0x1ffff000
                0x20003000                __top_SRAM = 0x20003000
                0x20003000                __top_RAM = 0x20003000

.text           0x00000000     0x54b8
 FILL mask 0xff
                0x00000000                __vectors_start__ = ABSOLUTE (.)
 *(SORT_BY_ALIGNMENT(.isr_vector))
 .isr_vector    0x00000000       0xc0 ./startup/startup_mkl25z4.o
                0x00000000                g_pfnVectors
                0x00000000                __Vectors
                0x000000c0                . = ALIGN (0x4)
                0x000000c0                __section_table_start = .
                0x000000c0                __data_section_table = .
                0x000000c0        0x4 LONG 0x54b8 LOADADDR (.data)
                0x000000c4        0x4 LONG 0x1ffff080 ADDR (.data)
                0x000000c8        0x4 LONG 0x10 SIZEOF (.data)
                0x000000cc                __data_section_table_end = .
                0x000000cc                __bss_section_table = .
                0x000000cc        0x4 LONG 0x1ffff090 ADDR (.bss)
                0x000000d0        0x4 LONG 0x914 SIZEOF (.bss)
                0x000000d4                __bss_section_table_end = .
                0x000000d4                __section_table_end = .
 *(SORT_BY_ALIGNMENT(.after_vectors*))
 .after_vectors.reset
                0x000000d4       0x4c ./startup/startup_mkl25z4.o
                0x000000d4                ResetISR
 .after_vectors.init_data
                0x00000120       0x12 ./startup/startup_mkl25z4.o
                0x00000120                data_init
 .after_vectors.init_bss
                0x00000132       0x10 ./startup/startup_mkl25z4.o
                0x00000132                bss_init
 .after_vectors
                0x00000142      0x10c ./startup/startup_mkl25z4.o
                0x00000142                NMI_Handler
                0x00000146                SVC_Handler
                0x00000148                PendSV_Handler
                0x0000014c                SPI1_DriverIRQHandler
                0x0000014c                LPTMR0_DriverIRQHandler
                0x0000014c                DMA0_DriverIRQHandler
                0x0000014c                I2C0_DriverIRQHandler
                0x0000014c                Reserved39_DriverIRQHandler
                0x0000014c                PORTD_DriverIRQHandler
                0x0000014c                DMA2_DriverIRQHandler
                0x0000014c                CMP0_DriverIRQHandler
                0x0000014c                TPM2_DriverIRQHandler
                0x0000014c                ADC0_DriverIRQHandler
                0x0000014c                SPI0_DriverIRQHandler
                0x0000014c                TSI0_DriverIRQHandler
                0x0000014c                RTC_Seconds_DriverIRQHandler
                0x0000014c                I2C1_DriverIRQHandler
                0x0000014c                LLWU_DriverIRQHandler
                0x0000014c                MCG_DriverIRQHandler
                0x0000014c                DMA1_DriverIRQHandler
                0x0000014c                PIT_DriverIRQHandler
                0x0000014c                RTC_DriverIRQHandler
                0x0000014c                FTFA_DriverIRQHandler
                0x0000014c                IntDefaultHandler
                0x0000014c                USB0_DriverIRQHandler
                0x0000014c                DAC0_DriverIRQHandler
                0x0000014c                TPM1_DriverIRQHandler
                0x0000014c                LVD_LVW_DriverIRQHandler
                0x0000014c                TPM0_DriverIRQHandler
                0x0000014c                PORTA_DriverIRQHandler
                0x0000014c                Reserved45_DriverIRQHandler
                0x0000014c                Reserved20_DriverIRQHandler
                0x0000014c                DMA3_DriverIRQHandler
                0x0000014e                DMA0_IRQHandler
                0x00000156                DMA1_IRQHandler
                0x0000015e                DMA2_IRQHandler
                0x00000166                DMA3_IRQHandler
                0x0000016e                Reserved20_IRQHandler
                0x00000176                FTFA_IRQHandler
                0x0000017e                LVD_LVW_IRQHandler
                0x00000186                LLWU_IRQHandler
                0x0000018e                I2C0_IRQHandler
                0x00000196                I2C1_IRQHandler
                0x0000019e                SPI0_IRQHandler
                0x000001a6                SPI1_IRQHandler
                0x000001b6                UART1_IRQHandler
                0x000001be                UART2_IRQHandler
                0x000001c6                ADC0_IRQHandler
                0x000001ce                CMP0_IRQHandler
                0x000001d6                TPM0_IRQHandler
                0x000001de                TPM1_IRQHandler
                0x000001e6                TPM2_IRQHandler
                0x000001ee                RTC_IRQHandler
                0x000001fe                PIT_IRQHandler
                0x00000206                Reserved39_IRQHandler
                0x0000020e                USB0_IRQHandler
                0x00000216                DAC0_IRQHandler
                0x0000021e                TSI0_IRQHandler
                0x00000226                MCG_IRQHandler
                0x0000022e                LPTMR0_IRQHandler
                0x00000236                Reserved45_IRQHandler
                0x0000023e                PORTA_IRQHandler
                0x00000246                PORTD_IRQHandler
                0x00000400                . = 0x400
 *fill*         0x0000024e      0x1b2 ff
                0x00000400                PROVIDE (__FLASH_CONFIG_START__ = .)
 *(SORT_BY_ALIGNMENT(.FlashConfig))
 .FlashConfig   0x00000400       0x10 ./startup/startup_mkl25z4.o
                0x00000400                Flash_Config
                0x00000410                PROVIDE (__FLASH_CONFIG_END__ = .)
                0x00000001                ASSERT (! ((__FLASH_CONFIG_START__ == __FLASH_CONFIG_END__)), Linker Flash Config Support Enabled, but no .FlashConfig section provided within application)
 *(SORT_BY_ALIGNMENT(.text*))
 .text.DbgConsole_Init
                0x00000410       0xf4 ./utilities/fsl_debug_console.o
                0x00000410                DbgConsole_Init
 .text.set_pin_direction
                0x00000504       0x3c ./source/DHT11.o
                0x00000504                set_pin_direction
 .text.init_DHT11
                0x00000540       0x40 ./source/DHT11.o
                0x00000540                init_DHT11
 .text.send_start_DHT11
                0x00000580       0x44 ./source/DHT11.o
                0x00000580                send_start_DHT11
 .text.get_data_DHT11
                0x000005c4      0x1bc ./source/DHT11.o
                0x000005c4                get_data_DHT11
 .text.init_I2C
                0x00000780       0x84 ./source/I2C.o
                0x00000780                init_I2C
 .text.busy_I2C
                0x00000804      0x174 ./source/I2C.o
                0x00000804                busy_I2C
 .text.wait_I2C
                0x00000978       0x6c ./source/I2C.o
                0x00000978                wait_I2C
 .text.read_byte_I2C
                0x000009e4       0xb0 ./source/I2C.o
                0x000009e4                read_byte_I2C
 .text.send_lcd
                0x00000a94      0x11c ./source/LCD.o
                0x00000a94                send_lcd
 .text.put_char_lcd
                0x00000bb0       0x90 ./source/LCD.o
                0x00000bb0                put_char_lcd
 .text.NVIC_EnableIRQ
                0x00000c40       0x2c ./source/RTC.o
 .text.NVIC_ClearPendingIRQ
                0x00000c6c       0x30 ./source/RTC.o
 .text.NVIC_SetPriority
                0x00000c9c       0xdc ./source/RTC.o
 .text.init_RTC
                0x00000d78      0x104 ./source/RTC.o
                0x00000d78                init_RTC
 .text.RTC_Seconds_IRQHandler
                0x00000e7c       0x40 ./source/RTC.o
                0x00000e7c                RTC_Seconds_IRQHandler
 .text.clock_update
                0x00000ebc       0xe8 ./source/RTC.o
                0x00000ebc                clock_update
 .text.NVIC_EnableIRQ
                0x00000fa4       0x2c ./source/UART.o
 .text.NVIC_ClearPendingIRQ
                0x00000fd0       0x30 ./source/UART.o
 .text.NVIC_SetPriority
                0x00001000       0xdc ./source/UART.o
 .text.init_UART0
                0x000010dc      0x154 ./source/UART.o
                0x000010dc                init_UART0
 .text.UART0_IRQHandler
                0x00001230       0xa4 ./source/UART.o
                0x00001230                UART0_IRQHandler
 .text.__sys_write
                0x000012d4       0x70 ./source/UART.o
                0x000012d4                __sys_write
 .text.__sys_readc
                0x00001344       0x40 ./source/UART.o
                0x00001344                __sys_readc
 .text.UART_terminal
                0x00001384      0x224 ./source/UART_terminal.o
                0x00001384                UART_terminal
 .text.cbfifo_enqueue
                0x000015a8       0xf0 ./source/cbfifo.o
                0x000015a8                cbfifo_enqueue
 .text.cbfifo_dequeue
                0x00001698      0x108 ./source/cbfifo.o
                0x00001698                cbfifo_dequeue
 .text.reset_handler
                0x000017a0       0x30 ./source/processor.o
                0x000017a0                reset_handler
 .text.echo_handler
                0x000017d0       0xc8 ./source/processor.o
                0x000017d0                echo_handler
 .text.humidity_handler
                0x00001898       0x8c ./source/processor.o
                0x00001898                humidity_handler
 .text.temp_handler
                0x00001924       0x8c ./source/processor.o
                0x00001924                temp_handler
 .text.help_handler
                0x000019b0       0x5c ./source/processor.o
                0x000019b0                help_handler
 .text.process_command
                0x00001a0c      0x1a0 ./source/processor.o
                0x00001a0c                process_command
 .text.HardFault_Handler
                0x00001bac       0x30 ./source/semihost_hardfault.o
                0x00001bac                HardFault_Handler
 .text.NVIC_SetPriority
                0x00001bdc       0xdc ./source/timers.o
 .text.init_systick
                0x00001cb8       0x2c ./source/timers.o
                0x00001cb8                init_systick
 .text.reset_timer
                0x00001ce4       0x20 ./source/timers.o
                0x00001ce4                reset_timer
 .text.get_timer
                0x00001d04       0x14 ./source/timers.o
                0x00001d04                get_timer
 .text.SysTick_Handler
                0x00001d18       0x28 ./source/timers.o
                0x00001d18                SysTick_Handler
 .text.CLOCK_SetEr32kClock
                0x00001d40       0x34 ./drivers/fsl_clock.o
 .text.CLOCK_SetPllFllSelClock
                0x00001d74       0x38 ./drivers/fsl_clock.o
 .text.CLOCK_GetMcgExtClkFreq
                0x00001dac       0x28 ./drivers/fsl_clock.o
 .text.CLOCK_GetFllExtRefClkFreq
                0x00001dd4       0xa8 ./drivers/fsl_clock.o
 .text.CLOCK_GetFllRefClkFreq
                0x00001e7c       0x2c ./drivers/fsl_clock.o
 .text.CLOCK_GetOscRangeFromFreq
                0x00001ea8       0x4c ./drivers/fsl_clock.o
 .text.CLOCK_GetPllFllSelClkFreq
                0x00001ef4       0x4c ./drivers/fsl_clock.o
                0x00001ef4                CLOCK_GetPllFllSelClkFreq
 .text.CLOCK_SetSimConfig
                0x00001f40       0x38 ./drivers/fsl_clock.o
                0x00001f40                CLOCK_SetSimConfig
 .text.CLOCK_GetFllFreq
                0x00001f78       0x84 ./drivers/fsl_clock.o
                0x00001f78                CLOCK_GetFllFreq
 .text.CLOCK_GetPll0Freq
                0x00001ffc       0x70 ./drivers/fsl_clock.o
                0x00001ffc                CLOCK_GetPll0Freq
 .text.CLOCK_SetInternalRefClkConfig
                0x0000206c      0x124 ./drivers/fsl_clock.o
                0x0000206c                CLOCK_SetInternalRefClkConfig
 .text.CLOCK_EnablePll0
                0x00002190       0x94 ./drivers/fsl_clock.o
                0x00002190                CLOCK_EnablePll0
 .text.CLOCK_InitOsc0
                0x00002224       0x94 ./drivers/fsl_clock.o
                0x00002224                CLOCK_InitOsc0
 .text.CLOCK_SetPbeMode
                0x000022b8       0xb0 ./drivers/fsl_clock.o
                0x000022b8                CLOCK_SetPbeMode
 .text.CLOCK_BootToPeeMode
                0x00002368       0x70 ./drivers/fsl_clock.o
                0x00002368                CLOCK_BootToPeeMode
 .text.CLOCK_EnableClock
                0x000023d8       0x34 ./drivers/fsl_lpsci.o
 .text.LPSCI_GetInstance
                0x0000240c       0x48 ./drivers/fsl_lpsci.o
                0x0000240c                LPSCI_GetInstance
 .text.LPSCI_Init
                0x00002454      0x258 ./drivers/fsl_lpsci.o
                0x00002454                LPSCI_Init
 .text.LPSCI_GetDefaultConfig
                0x000026ac       0x44 ./drivers/fsl_lpsci.o
                0x000026ac                LPSCI_GetDefaultConfig
 .text.LPSCI_ClearStatusFlags
                0x000026f0       0x94 ./drivers/fsl_lpsci.o
                0x000026f0                LPSCI_ClearStatusFlags
 .text.LPSCI_WriteBlocking
                0x00002784       0x4c ./drivers/fsl_lpsci.o
                0x00002784                LPSCI_WriteBlocking
 .text.LPSCI_ReadBlocking
                0x000027d0       0xc0 ./drivers/fsl_lpsci.o
                0x000027d0                LPSCI_ReadBlocking
 .text.UART0_DriverIRQHandler
                0x00002890       0x24 ./drivers/fsl_lpsci.o
                0x00002890                UART0_DriverIRQHandler
 .text.CLOCK_EnableClock
                0x000028b4       0x34 ./drivers/fsl_uart.o
 .text.UART_GetInstance
                0x000028e8       0x54 ./drivers/fsl_uart.o
                0x000028e8                UART_GetInstance
 .text.UART_Init
                0x0000293c      0x1e0 ./drivers/fsl_uart.o
                0x0000293c                UART_Init
 .text.UART_GetDefaultConfig
                0x00002b1c       0x44 ./drivers/fsl_uart.o
                0x00002b1c                UART_GetDefaultConfig
 .text.UART_ReadBlocking
                0x00002b60       0x98 ./drivers/fsl_uart.o
                0x00002b60                UART_ReadBlocking
 .text.UART1_DriverIRQHandler
                0x00002bf8       0x24 ./drivers/fsl_uart.o
                0x00002bf8                UART1_DriverIRQHandler
 .text.UART2_DriverIRQHandler
                0x00002c1c       0x24 ./drivers/fsl_uart.o
                0x00002c1c                UART2_DriverIRQHandler
 .text.CLOCK_SetLpsci0Clock
                0x00002c40       0x38 ./board/board.o
 .text.BOARD_InitDebugConsole
                0x00002c78       0x30 ./board/board.o
                0x00002c78                BOARD_InitDebugConsole
 .text.CLOCK_SetSimSafeDivs
                0x00002ca8       0x20 ./board/clock_config.o
 .text.CLOCK_SetXtal0Freq
                0x00002cc8       0x1c ./board/clock_config.o
 .text.CLOCK_CONFIG_SetFllExtRefDiv
                0x00002ce4       0x3c ./board/clock_config.o
 .text.BOARD_BootClockRUN
                0x00002d20       0x64 ./board/clock_config.o
                0x00002d20                BOARD_BootClockRUN
 .text.CLOCK_EnableClock
                0x00002d84       0x34 ./board/pin_mux.o
 .text.PORT_SetPinMux
                0x00002db8       0x40 ./board/pin_mux.o
 .text.BOARD_InitPins
                0x00002df8       0x4c ./board/pin_mux.o
                0x00002df8                BOARD_InitPins
 .text.SystemInit
                0x00002e44       0x18 ./CMSIS/system_MKL25Z4.o
                0x00002e44                SystemInit
 .text.__assertion_failed
                0x00002e5c       0x50 c:/nxp/mcuxpressoide_11.8.0_1165/ide/plugins/com.nxp.mcuxpresso.tools.win32_11.8.0.202306131047/tools/bin/../lib/gcc/arm-none-eabi/12.2.1/../../../../arm-none-eabi/lib/thumb/v6-m/nofp\libcr_semihost_nf.a(_cr_assert.o)
                0x00002e5c                __assertion_failed
 .text.__sys_appexit
                0x00002eac        0xc c:/nxp/mcuxpressoide_11.8.0_1165/ide/plugins/com.nxp.mcuxpresso.tools.win32_11.8.0.202306131047/tools/bin/../lib/gcc/arm-none-eabi/12.2.1/../../../../arm-none-eabi/lib/thumb/v6-m/nofp\libcr_semihost_nf.a(__sys_appexit.o)
                0x00002eac                __sys_appexit
                0x00002eac                __exit
 .text.__filbuf
                0x00002eb8      0x184 c:/nxp/mcuxpressoide_11.8.0_1165/ide/plugins/com.nxp.mcuxpresso.tools.win32_11.8.0.202306131047/tools/bin/../lib/gcc/arm-none-eabi/12.2.1/../../../../arm-none-eabi/lib/thumb/v6-m/nofp\libcr_c.a(__fillbuf.o)
                0x00002eb8                __filbuf
 .text._deferredlazyseek
                0x0000303c       0x40 c:/nxp/mcuxpressoide_11.8.0_1165/ide/plugins/com.nxp.mcuxpresso.tools.win32_11.8.0.202306131047/tools/bin/../lib/gcc/arm-none-eabi/12.2.1/../../../../arm-none-eabi/lib/thumb/v6-m/nofp\libcr_c.a(_deferredlazyseek.o)
                0x0000303c                _deferredlazyseek
 .text.__flsbuf
                0x0000307c      0x150 c:/nxp/mcuxpressoide_11.8.0_1165/ide/plugins/com.nxp.mcuxpresso.tools.win32_11.8.0.202306131047/tools/bin/../lib/gcc/arm-none-eabi/12.2.1/../../../../arm-none-eabi/lib/thumb/v6-m/nofp\libcr_c.a(_deferredlazyseek.o)
                0x0000307c                __flsbuf
 .text._fflush  0x000031cc       0x5c c:/nxp/mcuxpressoide_11.8.0_1165/ide/plugins/com.nxp.mcuxpresso.tools.win32_11.8.0.202306131047/tools/bin/../lib/gcc/arm-none-eabi/12.2.1/../../../../arm-none-eabi/lib/thumb/v6-m/nofp\libcr_c.a(_fflush.o)
                0x000031cc                _fflush
 .text._Cwritebuf
                0x00003228       0x68 c:/nxp/mcuxpressoide_11.8.0_1165/ide/plugins/com.nxp.mcuxpresso.tools.win32_11.8.0.202306131047/tools/bin/../lib/gcc/arm-none-eabi/12.2.1/../../../../arm-none-eabi/lib/thumb/v6-m/nofp\libcr_c.a(_writebuf.o)
                0x00003228                _Cwritebuf
 .text.malloc   0x00003290       0xdc c:/nxp/mcuxpressoide_11.8.0_1165/ide/plugins/com.nxp.mcuxpresso.tools.win32_11.8.0.202306131047/tools/bin/../lib/gcc/arm-none-eabi/12.2.1/../../../../arm-none-eabi/lib/thumb/v6-m/nofp\libcr_c.a(alloc.o)
                0x00003290                malloc
 .text._Csys_alloc
                0x0000336c       0x20 c:/nxp/mcuxpressoide_11.8.0_1165/ide/plugins/com.nxp.mcuxpresso.tools.win32_11.8.0.202306131047/tools/bin/../lib/gcc/arm-none-eabi/12.2.1/../../../../arm-none-eabi/lib/thumb/v6-m/nofp\libcr_c.a(alloc.o)
                0x0000336c                _Csys_alloc
 .text.tolower  0x0000338c       0x10 c:/nxp/mcuxpressoide_11.8.0_1165/ide/plugins/com.nxp.mcuxpresso.tools.win32_11.8.0.202306131047/tools/bin/../lib/gcc/arm-none-eabi/12.2.1/../../../../arm-none-eabi/lib/thumb/v6-m/nofp\libcr_c.a(ctype.o)
                0x0000338c                tolower
 .text.toupper  0x0000339c       0x10 c:/nxp/mcuxpressoide_11.8.0_1165/ide/plugins/com.nxp.mcuxpresso.tools.win32_11.8.0.202306131047/tools/bin/../lib/gcc/arm-none-eabi/12.2.1/../../../../arm-none-eabi/lib/thumb/v6-m/nofp\libcr_c.a(ctype.o)
                0x0000339c                toupper
 .text.fseek    0x000033ac       0xec c:/nxp/mcuxpressoide_11.8.0_1165/ide/plugins/com.nxp.mcuxpresso.tools.win32_11.8.0.202306131047/tools/bin/../lib/gcc/arm-none-eabi/12.2.1/../../../../arm-none-eabi/lib/thumb/v6-m/nofp\libcr_c.a(fseek.o)
                0x000033ac                fseek
 .text.ftell    0x00003498       0x4c c:/nxp/mcuxpressoide_11.8.0_1165/ide/plugins/com.nxp.mcuxpresso.tools.win32_11.8.0.202306131047/tools/bin/../lib/gcc/arm-none-eabi/12.2.1/../../../../arm-none-eabi/lib/thumb/v6-m/nofp\libcr_c.a(ftell.o)
                0x00003498                ftell
 .text._initio  0x000034e4       0x7c c:/nxp/mcuxpressoide_11.8.0_1165/ide/plugins/com.nxp.mcuxpresso.tools.win32_11.8.0.202306131047/tools/bin/../lib/gcc/arm-none-eabi/12.2.1/../../../../arm-none-eabi/lib/thumb/v6-m/nofp\libcr_c.a(initio.o)
                0x000034e4                _initio
 .text.__vfprintf
                0x00003560      0xd88 c:/nxp/mcuxpressoide_11.8.0_1165/ide/plugins/com.nxp.mcuxpresso.tools.win32_11.8.0.202306131047/tools/bin/../lib/gcc/arm-none-eabi/12.2.1/../../../../arm-none-eabi/lib/thumb/v6-m/nofp\libcr_c.a(printf.o)
                0x00003560                __vfprintf
 .text._vsnprintf
                0x000042e8       0x70 c:/nxp/mcuxpressoide_11.8.0_1165/ide/plugins/com.nxp.mcuxpresso.tools.win32_11.8.0.202306131047/tools/bin/../lib/gcc/arm-none-eabi/12.2.1/../../../../arm-none-eabi/lib/thumb/v6-m/nofp\libcr_c.a(printf.o)
                0x000042e8                _vsnprintf
 .text._printf  0x00004358       0x50 c:/nxp/mcuxpressoide_11.8.0_1165/ide/plugins/com.nxp.mcuxpresso.tools.win32_11.8.0.202306131047/tools/bin/../lib/gcc/arm-none-eabi/12.2.1/../../../../arm-none-eabi/lib/thumb/v6-m/nofp\libcr_c.a(printf.o)
                0x00004358                _printf
 .text.setvbuf  0x000043a8       0x4c c:/nxp/mcuxpressoide_11.8.0_1165/ide/plugins/com.nxp.mcuxpresso.tools.win32_11.8.0.202306131047/tools/bin/../lib/gcc/arm-none-eabi/12.2.1/../../../../arm-none-eabi/lib/thumb/v6-m/nofp\libcr_c.a(setvbuf.o)
                0x000043a8                setvbuf
 .text.strlen   0x000043f4       0x5c c:/nxp/mcuxpressoide_11.8.0_1165/ide/plugins/com.nxp.mcuxpresso.tools.win32_11.8.0.202306131047/tools/bin/../lib/gcc/arm-none-eabi/12.2.1/../../../../arm-none-eabi/lib/thumb/v6-m/nofp\libcr_c.a(strlen.o)
                0x000043f4                strlen
 .text._sbrk    0x00004450       0x44 c:/nxp/mcuxpressoide_11.8.0_1165/ide/plugins/com.nxp.mcuxpresso.tools.win32_11.8.0.202306131047/tools/bin/../lib/gcc/arm-none-eabi/12.2.1/../../../../arm-none-eabi/lib/thumb/v6-m/nofp\libcr_c.a(_cr_sbrk.o)
                0x00004450                _sbrk
 .text._fdopen  0x00004494       0x74 c:/nxp/mcuxpressoide_11.8.0_1165/ide/plugins/com.nxp.mcuxpresso.tools.win32_11.8.0.202306131047/tools/bin/../lib/gcc/arm-none-eabi/12.2.1/../../../../arm-none-eabi/lib/thumb/v6-m/nofp\libcr_c.a(_fdopen.o)
                0x00004494                _fdopen
 .text.fclose   0x00004508       0x5c c:/nxp/mcuxpressoide_11.8.0_1165/ide/plugins/com.nxp.mcuxpresso.tools.win32_11.8.0.202306131047/tools/bin/../lib/gcc/arm-none-eabi/12.2.1/../../../../arm-none-eabi/lib/thumb/v6-m/nofp\libcr_c.a(fclose.o)
                0x00004508                fclose
 .text.fflush   0x00004564       0x40 c:/nxp/mcuxpressoide_11.8.0_1165/ide/plugins/com.nxp.mcuxpresso.tools.win32_11.8.0.202306131047/tools/bin/../lib/gcc/arm-none-eabi/12.2.1/../../../../arm-none-eabi/lib/thumb/v6-m/nofp\libcr_c.a(fflush.o)
                0x00004564                fflush
 .text.__check_heap_overflow
                0x000045a4       0x18 c:/nxp/mcuxpressoide_11.8.0_1165/ide/plugins/com.nxp.mcuxpresso.tools.win32_11.8.0.202306131047/tools/bin/../lib/gcc/arm-none-eabi/12.2.1/../../../../arm-none-eabi/lib/thumb/v6-m/nofp\libcr_c.a(_cr_check_heap.o)
                0x000045a4                __check_heap_overflow
 .text._do_fflush
                0x000045bc       0x48 c:/nxp/mcuxpressoide_11.8.0_1165/ide/plugins/com.nxp.mcuxpresso.tools.win32_11.8.0.202306131047/tools/bin/../lib/gcc/arm-none-eabi/12.2.1/../../../../arm-none-eabi/lib/thumb/v6-m/nofp\libcr_c.a(_do_fflush.o)
                0x000045bc                _do_fflush
 .text.__aeabi_ddiv
                0x00004604      0x164 c:/nxp/mcuxpressoide_11.8.0_1165/ide/plugins/com.nxp.mcuxpresso.tools.win32_11.8.0.202306131047/tools/bin/../lib/gcc/arm-none-eabi/12.2.1/thumb/v6-m/nofp\libcr_eabihelpers.a(double.o)
                0x00004604                __aeabi_ddiv
 .text.__aeabi_d2uiz
                0x00004768       0x38 c:/nxp/mcuxpressoide_11.8.0_1165/ide/plugins/com.nxp.mcuxpresso.tools.win32_11.8.0.202306131047/tools/bin/../lib/gcc/arm-none-eabi/12.2.1/thumb/v6-m/nofp\libcr_eabihelpers.a(double.o)
                0x00004768                __aeabi_d2uiz
 .text.UART_EnableTx
                0x000047a0       0x40 ./utilities/fsl_debug_console.o
 .text.UART_EnableRx
                0x000047e0       0x40 ./utilities/fsl_debug_console.o
 .text.LPSCI_EnableTx
                0x00004820       0x40 ./utilities/fsl_debug_console.o
 .text.LPSCI_EnableRx
                0x00004860       0x40 ./utilities/fsl_debug_console.o
 .text.init_LCD
                0x000048a0       0x6c ./source/LCD.o
                0x000048a0                init_LCD
 .text.send_command_lcd
                0x0000490c       0x20 ./source/LCD.o
                0x0000490c                send_command_lcd
 .text.put_str_lcd
                0x0000492c       0x48 ./source/LCD.o
                0x0000492c                put_str_lcd
 .text.delay_ms
                0x00004974       0x3e ./source/LCD.o
                0x00004974                delay_ms
 .text.print_data_lcd
                0x000049b2       0xb4 ./source/LCD.o
                0x000049b2                print_data_lcd
 .text.cbfifo_length
                0x00004a66       0x28 ./source/cbfifo.o
                0x00004a66                cbfifo_length
 .text.main     0x00004a8e       0x2e ./source/main.o
                0x00004a8e                main
 .text.OSC_SetExtRefClkConfig
                0x00004abc       0x3e ./drivers/fsl_clock.o
 .text.OSC_SetCapLoad
                0x00004afa       0x42 ./drivers/fsl_clock.o
 .text.CLOCK_GetPll0RefFreq
                0x00004b3c       0x10 ./drivers/fsl_clock.o
 .text.CLOCK_SetExternalRefClkConfig
                0x00004b4c       0x16 ./drivers/fsl_clock.o
                0x00004b4c                CLOCK_SetExternalRefClkConfig
 .text.LPSCI_GetStatusFlags
                0x00004b62       0x26 ./drivers/fsl_lpsci.o
                0x00004b62                LPSCI_GetStatusFlags
 .text.UART_GetStatusFlags
                0x00004b88       0x26 ./drivers/fsl_uart.o
                0x00004b88                UART_GetStatusFlags
 .text.UART_WriteBlocking
                0x00004bae       0x3c ./drivers/fsl_uart.o
                0x00004bae                UART_WriteBlocking
 .text.__main   0x00004bea        0xc c:/nxp/mcuxpressoide_11.8.0_1165/ide/plugins/com.nxp.mcuxpresso.tools.win32_11.8.0.202306131047/tools/bin/../lib/gcc/arm-none-eabi/12.2.1/../../../../arm-none-eabi/lib/thumb/v6-m/nofp\libcr_semihost_nf.a(_cr__main.o)
                0x00004bea                __CR_SEMIHOST
                0x00004bea                __main
 .text.memset   0x00004bf6        0x8 c:/nxp/mcuxpressoide_11.8.0_1165/ide/plugins/com.nxp.mcuxpresso.tools.win32_11.8.0.202306131047/tools/bin/../lib/gcc/arm-none-eabi/12.2.1/../../../../arm-none-eabi/lib/thumb/v6-m/nofp\libcr_c.a(memset.o)
                0x00004bf6                memset
 .text._Csys_read_
                0x00004bfe       0x24 c:/nxp/mcuxpressoide_11.8.0_1165/ide/plugins/com.nxp.mcuxpresso.tools.win32_11.8.0.202306131047/tools/bin/../lib/gcc/arm-none-eabi/12.2.1/../../../../arm-none-eabi/lib/thumb/v6-m/nofp\libcr_c.a(__fillbuf.o)
                0x00004bfe                _Csys_read_
 .text.free     0x00004c22       0x2c c:/nxp/mcuxpressoide_11.8.0_1165/ide/plugins/com.nxp.mcuxpresso.tools.win32_11.8.0.202306131047/tools/bin/../lib/gcc/arm-none-eabi/12.2.1/../../../../arm-none-eabi/lib/thumb/v6-m/nofp\libcr_c.a(alloc.o)
                0x00004c22                free
 .text.fputs    0x00004c4e       0x2e c:/nxp/mcuxpressoide_11.8.0_1165/ide/plugins/com.nxp.mcuxpresso.tools.win32_11.8.0.202306131047/tools/bin/../lib/gcc/arm-none-eabi/12.2.1/../../../../arm-none-eabi/lib/thumb/v6-m/nofp\libcr_c.a(fputs.o)
                0x00004c4e                fputs
 .text.no_fp_display
                0x00004c7c        0x4 c:/nxp/mcuxpressoide_11.8.0_1165/ide/plugins/com.nxp.mcuxpresso.tools.win32_11.8.0.202306131047/tools/bin/../lib/gcc/arm-none-eabi/12.2.1/../../../../arm-none-eabi/lib/thumb/v6-m/nofp\libcr_c.a(printf.o)
 .text.strcasecmp
                0x00004c80       0x32 c:/nxp/mcuxpressoide_11.8.0_1165/ide/plugins/com.nxp.mcuxpresso.tools.win32_11.8.0.202306131047/tools/bin/../lib/gcc/arm-none-eabi/12.2.1/../../../../arm-none-eabi/lib/thumb/v6-m/nofp\libcr_c.a(strcasecmp.o)
                0x00004c80                strcasecmp
 .text.remove   0x00004cb2       0x12 c:/nxp/mcuxpressoide_11.8.0_1165/ide/plugins/com.nxp.mcuxpresso.tools.win32_11.8.0.202306131047/tools/bin/../lib/gcc/arm-none-eabi/12.2.1/../../../../arm-none-eabi/lib/thumb/v6-m/nofp\libcr_c.a(remove.o)
                0x00004cb2                remove
 .text.__aeabi_division_idivmod
                0x00004cc4       0x78 c:/nxp/mcuxpressoide_11.8.0_1165/ide/plugins/com.nxp.mcuxpresso.tools.win32_11.8.0.202306131047/tools/bin/../lib/gcc/arm-none-eabi/12.2.1/thumb/v6-m/nofp\libcr_eabihelpers.a(division_32.o)
                0x00004cc4                __aeabi_idivmod
                0x00004cc4                __aeabi_idiv
                0x00004cca                __aeabi_uidivmod
                0x00004cca                __aeabi_uidiv
 .text.__aeabi_division_idiv0
                0x00004d3c        0x2 c:/nxp/mcuxpressoide_11.8.0_1165/ide/plugins/com.nxp.mcuxpresso.tools.win32_11.8.0.202306131047/tools/bin/../lib/gcc/arm-none-eabi/12.2.1/thumb/v6-m/nofp\libcr_eabihelpers.a(division_idiv0.o)
                0x00004d3c                __aeabi_idiv0
 .text.__bhs_ui2d
                0x00004d3e       0x5e c:/nxp/mcuxpressoide_11.8.0_1165/ide/plugins/com.nxp.mcuxpresso.tools.win32_11.8.0.202306131047/tools/bin/../lib/gcc/arm-none-eabi/12.2.1/thumb/v6-m/nofp\libcr_eabihelpers.a(double.o)
                0x00004d3e                __bhs_ui2d
 .text.__aeabi_ui2d
                0x00004d9c        0xc c:/nxp/mcuxpressoide_11.8.0_1165/ide/plugins/com.nxp.mcuxpresso.tools.win32_11.8.0.202306131047/tools/bin/../lib/gcc/arm-none-eabi/12.2.1/thumb/v6-m/nofp\libcr_eabihelpers.a(double.o)
                0x00004d9c                __aeabi_ui2d
 .text.__aeabi_llong_lmul
                0x00004da8       0x2e c:/nxp/mcuxpressoide_11.8.0_1165/ide/plugins/com.nxp.mcuxpresso.tools.win32_11.8.0.202306131047/tools/bin/../lib/gcc/arm-none-eabi/12.2.1/thumb/v6-m/nofp\libcr_eabihelpers.a(llong.o)
                0x00004da8                __aeabi_lmul
 .text.__aeabi_memset_lowlevel
                0x00004dd6       0x2a c:/nxp/mcuxpressoide_11.8.0_1165/ide/plugins/com.nxp.mcuxpresso.tools.win32_11.8.0.202306131047/tools/bin/../lib/gcc/arm-none-eabi/12.2.1/thumb/v6-m/nofp\libcr_eabihelpers.a(memcpy.o)
                0x00004dd6                __aeabi_lowlevel_memset
 .text.__gnu_thumb1_case_uqi
                0x00004e00       0x10 c:/nxp/mcuxpressoide_11.8.0_1165/ide/plugins/com.nxp.mcuxpresso.tools.win32_11.8.0.202306131047/tools/bin/../lib/gcc/arm-none-eabi/12.2.1/thumb/v6-m/nofp\libcr_eabihelpers.a(thumb1_switch_helpers.o)
                0x00004e00                __gnu_thumb1_case_uqi
 .text.__gnu_thumb1_case_shi
                0x00004e10       0x10 c:/nxp/mcuxpressoide_11.8.0_1165/ide/plugins/com.nxp.mcuxpresso.tools.win32_11.8.0.202306131047/tools/bin/../lib/gcc/arm-none-eabi/12.2.1/thumb/v6-m/nofp\libcr_eabihelpers.a(thumb1_switch_helpers.o)
                0x00004e10                __gnu_thumb1_case_shi
 .text.__gnu_thumb1_case_uhi
                0x00004e20       0x10 c:/nxp/mcuxpressoide_11.8.0_1165/ide/plugins/com.nxp.mcuxpresso.tools.win32_11.8.0.202306131047/tools/bin/../lib/gcc/arm-none-eabi/12.2.1/thumb/v6-m/nofp\libcr_eabihelpers.a(thumb1_switch_helpers.o)
                0x00004e20                __gnu_thumb1_case_uhi
 .text.__sys_close
                0x00004e30        0xc c:/nxp/mcuxpressoide_11.8.0_1165/ide/plugins/com.nxp.mcuxpresso.tools.win32_11.8.0.202306131047/tools/bin/../lib/gcc/arm-none-eabi/12.2.1/../../../../arm-none-eabi/lib/thumb/v6-m/nofp\libcr_semihost_nf.a(__sys_close.o)
                0x00004e30                __sys_close
 .text.__sys_flen
                0x00004e3c        0xc c:/nxp/mcuxpressoide_11.8.0_1165/ide/plugins/com.nxp.mcuxpresso.tools.win32_11.8.0.202306131047/tools/bin/../lib/gcc/arm-none-eabi/12.2.1/../../../../arm-none-eabi/lib/thumb/v6-m/nofp\libcr_semihost_nf.a(__sys_flen.o)
                0x00004e3c                __sys_flen
 .text.__sys_istty
                0x00004e48        0xc c:/nxp/mcuxpressoide_11.8.0_1165/ide/plugins/com.nxp.mcuxpresso.tools.win32_11.8.0.202306131047/tools/bin/../lib/gcc/arm-none-eabi/12.2.1/../../../../arm-none-eabi/lib/thumb/v6-m/nofp\libcr_semihost_nf.a(__sys_istty.o)
                0x00004e48                __sys_istty
 .text.__sys_read
                0x00004e54        0xc c:/nxp/mcuxpressoide_11.8.0_1165/ide/plugins/com.nxp.mcuxpresso.tools.win32_11.8.0.202306131047/tools/bin/../lib/gcc/arm-none-eabi/12.2.1/../../../../arm-none-eabi/lib/thumb/v6-m/nofp\libcr_semihost_nf.a(__sys_read.o)
                0x00004e54                __sys_read
 .text.__sys_remove
                0x00004e60        0xc c:/nxp/mcuxpressoide_11.8.0_1165/ide/plugins/com.nxp.mcuxpresso.tools.win32_11.8.0.202306131047/tools/bin/../lib/gcc/arm-none-eabi/12.2.1/../../../../arm-none-eabi/lib/thumb/v6-m/nofp\libcr_semihost_nf.a(__sys_remove.o)
                0x00004e60                __sys_remove
 .text.__sys_seek
                0x00004e6c        0xc c:/nxp/mcuxpressoide_11.8.0_1165/ide/plugins/com.nxp.mcuxpresso.tools.win32_11.8.0.202306131047/tools/bin/../lib/gcc/arm-none-eabi/12.2.1/../../../../arm-none-eabi/lib/thumb/v6-m/nofp\libcr_semihost_nf.a(__sys_seek.o)
                0x00004e6c                __sys_seek
 .text.__sys_tmpnam
                0x00004e78        0xc c:/nxp/mcuxpressoide_11.8.0_1165/ide/plugins/com.nxp.mcuxpresso.tools.win32_11.8.0.202306131047/tools/bin/../lib/gcc/arm-none-eabi/12.2.1/../../../../arm-none-eabi/lib/thumb/v6-m/nofp\libcr_semihost_nf.a(__sys_tmpnam.o)
                0x00004e78                __sys_tmpnam
 *(SORT_BY_ALIGNMENT(.rodata) SORT_BY_ALIGNMENT(.rodata.*) SORT_BY_ALIGNMENT(.constdata) SORT_BY_ALIGNMENT(.constdata.*))
 .rodata.get_data_DHT11.str1.4
                0x00004e84       0x1b ./source/DHT11.o
 *fill*         0x00004e9f        0x1 ff
 .rodata.UART_terminal.str1.4
                0x00004ea0       0x9d ./source/UART_terminal.o
 *fill*         0x00004f3d        0x3 ff
 .rodata.str1.4
                0x00004f40       0xd5 ./source/processor.o
 *fill*         0x00005015        0x3 ff
 .rodata.commands
                0x00005018       0x3c ./source/processor.o
 .rodata.humidity_handler.str1.4
                0x00005054        0xb ./source/processor.o
 *fill*         0x0000505f        0x1 ff
 .rodata.temp_handler.str1.4
                0x00005060        0xe ./source/processor.o
 *fill*         0x0000506e        0x2 ff
 .rodata.help_handler.str1.4
                0x00005070        0xa ./source/processor.o
 *fill*         0x0000507a        0x2 ff
 .rodata.process_command.str1.4
                0x0000507c       0x14 ./source/processor.o
 .rodata.CLOCK_GetMcgExtClkFreq.str1.4
                0x00005090       0x1e ./drivers/fsl_clock.o
 *fill*         0x000050ae        0x2 ff
 .rodata.CLOCK_GetPll0Freq.str1.4
                0x000050b0       0x1d ./drivers/fsl_clock.o
 *fill*         0x000050cd        0x3 ff
 .rodata.CLOCK_EnablePll0.str1.4
                0x000050d0       0x19 ./drivers/fsl_clock.o
 *fill*         0x000050e9        0x3 ff
 .rodata.CLOCK_SetPbeMode.str1.4
                0x000050ec       0x1a ./drivers/fsl_clock.o
 *fill*         0x00005106        0x2 ff
 .rodata.CLOCK_BootToPeeMode.str1.4
                0x00005108       0x1a ./drivers/fsl_clock.o
 *fill*         0x00005122        0x2 ff
 .rodata.fllFactorTable.1
                0x00005124       0x10 ./drivers/fsl_clock.o
 .rodata.LPSCI_GetInstance.str1.4
                0x00005134       0x36 ./drivers/fsl_lpsci.o
 *fill*         0x0000516a        0x2 ff
 .rodata.LPSCI_Init.str1.4
                0x0000516c       0x43 ./drivers/fsl_lpsci.o
 *fill*         0x000051af        0x1 ff
 .rodata.LPSCI_GetDefaultConfig.str1.4
                0x000051b0       0x19 ./drivers/fsl_lpsci.o
 *fill*         0x000051c9        0x3 ff
 .rodata.LPSCI_WriteBlocking.str1.4
                0x000051cc       0x17 ./drivers/fsl_lpsci.o
 *fill*         0x000051e3        0x1 ff
 .rodata.LPSCI_ReadBlocking.str1.4
                0x000051e4       0x17 ./drivers/fsl_lpsci.o
 *fill*         0x000051fb        0x1 ff
 .rodata.s_uartBases
                0x000051fc        0xc ./drivers/fsl_uart.o
 .rodata.s_uartClock
                0x00005208        0xc ./drivers/fsl_uart.o
 .rodata.UART_GetInstance.str1.4
                0x00005214       0x2b ./drivers/fsl_uart.o
 *fill*         0x0000523f        0x1 ff
 .rodata.UART_Init.str1.4
                0x00005240       0x3e ./drivers/fsl_uart.o
 *fill*         0x0000527e        0x2 ff
 .rodata.UART_GetDefaultConfig.str1.4
                0x00005280       0x18 ./drivers/fsl_uart.o
 .rodata.UART_ReadBlocking.str1.4
                0x00005298       0x16 ./drivers/fsl_uart.o
 *fill*         0x000052ae        0x2 ff
 .rodata.mcgConfig_BOARD_BootClockRUN
                0x000052b0        0xa ./board/clock_config.o
                0x000052b0                mcgConfig_BOARD_BootClockRUN
 *fill*         0x000052ba        0x2 ff
 .rodata.simConfig_BOARD_BootClockRUN
                0x000052bc        0x8 ./board/clock_config.o
                0x000052bc                simConfig_BOARD_BootClockRUN
 .rodata.oscConfig_BOARD_BootClockRUN
                0x000052c4        0x8 ./board/clock_config.o
                0x000052c4                oscConfig_BOARD_BootClockRUN
 .rodata.__num_Ciob_streams
                0x000052cc        0x4 c:/nxp/mcuxpressoide_11.8.0_1165/ide/plugins/com.nxp.mcuxpresso.tools.win32_11.8.0.202306131047/tools/bin/../lib/gcc/arm-none-eabi/12.2.1/../../../../arm-none-eabi/lib/thumb/v6-m/nofp\libcr_semihost_nf.a(__ciob.o)
                0x000052cc                __num_Ciob_streams
 .rodata.__assertion_failed.str1.1
                0x000052d0       0x15 c:/nxp/mcuxpressoide_11.8.0_1165/ide/plugins/com.nxp.mcuxpresso.tools.win32_11.8.0.202306131047/tools/bin/../lib/gcc/arm-none-eabi/12.2.1/../../../../arm-none-eabi/lib/thumb/v6-m/nofp\libcr_semihost_nf.a(_cr_assert.o)
 .rodata._Csys_alloc.str1.1
                0x000052e5       0x18 c:/nxp/mcuxpressoide_11.8.0_1165/ide/plugins/com.nxp.mcuxpresso.tools.win32_11.8.0.202306131047/tools/bin/../lib/gcc/arm-none-eabi/12.2.1/../../../../arm-none-eabi/lib/thumb/v6-m/nofp\libcr_c.a(alloc.o)
 .rodata.__ctype
                0x000052fd      0x180 c:/nxp/mcuxpressoide_11.8.0_1165/ide/plugins/com.nxp.mcuxpresso.tools.win32_11.8.0.202306131047/tools/bin/../lib/gcc/arm-none-eabi/12.2.1/../../../../arm-none-eabi/lib/thumb/v6-m/nofp\libcr_c.a(ctype.o)
                0x000052fd                __ctype
 .rodata._initio.str1.1
                0x0000547d        0x4 c:/nxp/mcuxpressoide_11.8.0_1165/ide/plugins/com.nxp.mcuxpresso.tools.win32_11.8.0.202306131047/tools/bin/../lib/gcc/arm-none-eabi/12.2.1/../../../../arm-none-eabi/lib/thumb/v6-m/nofp\libcr_c.a(initio.o)
 .rodata.__vfprintf.str1.1
                0x00005481       0x35 c:/nxp/mcuxpressoide_11.8.0_1165/ide/plugins/com.nxp.mcuxpresso.tools.win32_11.8.0.202306131047/tools/bin/../lib/gcc/arm-none-eabi/12.2.1/../../../../arm-none-eabi/lib/thumb/v6-m/nofp\libcr_c.a(printf.o)
                                 0x38 (size before relaxing)
                0x000054b8                . = ALIGN (0x4)
 *fill*         0x000054b6        0x2 ff

.glue_7         0x000054b8        0x0
 .glue_7        0x000054b8        0x0 linker stubs

.glue_7t        0x000054b8        0x0
 .glue_7t       0x000054b8        0x0 linker stubs

.vfp11_veneer   0x000054b8        0x0
 .vfp11_veneer  0x000054b8        0x0 linker stubs

.v4_bx          0x000054b8        0x0
 .v4_bx         0x000054b8        0x0 linker stubs

.iplt           0x000054b8        0x0
 .iplt          0x000054b8        0x0 ./utilities/fsl_debug_console.o

.rel.dyn        0x000054b8        0x0
 .rel.iplt      0x000054b8        0x0 ./utilities/fsl_debug_console.o

.ARM.extab
 *(SORT_BY_ALIGNMENT(.ARM.extab*) SORT_BY_ALIGNMENT(.gnu.linkonce.armextab.*))

.ARM.exidx      0x000054b8        0x0
                0x000054b8                __exidx_start = .
 *(SORT_BY_ALIGNMENT(.ARM.exidx*) SORT_BY_ALIGNMENT(.gnu.linkonce.armexidx.*))
                0x000054b8                __exidx_end = .
                0x000054b8                _etext = .

.m_usb_data
 *(SORT_BY_ALIGNMENT(m_usb_bdt))

.mtb_buffer_default
                0x1ffff000       0x80
 *(SORT_BY_ALIGNMENT(.mtb*))
 .mtb.$RAM1     0x1ffff000       0x80 ./source/mtb.o
                0x1ffff000                __mtb_buffer__

.uninit_RESERVED
                0x1ffff080        0x0
                0x1ffff080                _start_uninit_RESERVED = .
 *(SORT_BY_ALIGNMENT(.bss.$RESERVED*))
                0x1ffff080                . = ALIGN (0x4)
                0x1ffff080                _end_uninit_RESERVED = .

.data           0x1ffff080       0x10 load address 0x000054b8
 FILL mask 0xff
                0x1ffff080                _data = .
                [!provide]                PROVIDE (__start_data_RAM = .)
                [!provide]                PROVIDE (__start_data_SRAM = .)
 *(SORT_BY_ALIGNMENT(vtable))
 *(SORT_BY_ALIGNMENT(.ramfunc*))
 *(SORT_BY_ALIGNMENT(CodeQuickAccess))
 *(SORT_BY_ALIGNMENT(DataQuickAccess))
 *(SORT_BY_ALIGNMENT(RamFunction))
 *(SORT_BY_ALIGNMENT(.data*))
 .data.txfifo   0x1ffff080        0x4 ./source/cbfifo.o
                0x1ffff080                txfifo
 .data.rxfifo   0x1ffff084        0x4 ./source/cbfifo.o
                0x1ffff084                rxfifo
 .data.s_slowIrcFreq
                0x1ffff088        0x4 ./drivers/fsl_clock.o
 .data.SystemCoreClock
                0x1ffff08c        0x4 ./CMSIS/system_MKL25Z4.o
                0x1ffff08c                SystemCoreClock
                0x1ffff090                . = ALIGN (0x4)
                0x1ffff090                _edata = .
                [!provide]                PROVIDE (__end_data_RAM = .)
                [!provide]                PROVIDE (__end_data_SRAM = .)

.igot.plt       0x1ffff090        0x0 load address 0x000054c8
 .igot.plt      0x1ffff090        0x0 ./utilities/fsl_debug_console.o

.bss            0x1ffff090      0x914
                0x1ffff090                _bss = .
                [!provide]                PROVIDE (__start_bss_RAM = .)
                [!provide]                PROVIDE (__start_bss_SRAM = .)
 *(SORT_BY_ALIGNMENT(.bss*))
 .bss.s_debugConsole
                0x1ffff090       0x10 ./utilities/fsl_debug_console.o
 .bss.lock_detect
                0x1ffff0a0        0x4 ./source/I2C.o
                0x1ffff0a0                lock_detect
 .bss.i2c_lock  0x1ffff0a4        0x4 ./source/I2C.o
                0x1ffff0a4                i2c_lock
 .bss.num_chars
                0x1ffff0a8        0x4 ./source/LCD.o
                0x1ffff0a8                num_chars
 .bss.seconds   0x1ffff0ac        0x4 ./source/RTC.o
                0x1ffff0ac                seconds
 .bss.minutes   0x1ffff0b0        0x4 ./source/RTC.o
                0x1ffff0b0                minutes
 .bss.hours     0x1ffff0b4        0x4 ./source/RTC.o
                0x1ffff0b4                hours
 .bss.txfifo_struct
                0x1ffff0b8      0x400 ./source/cbfifo.o
                0x1ffff0b8                txfifo_struct
 .bss.rxfifo_struct
                0x1ffff4b8      0x400 ./source/cbfifo.o
                0x1ffff4b8                rxfifo_struct
 .bss.time_since_startup
                0x1ffff8b8        0x4 ./source/timers.o
                0x1ffff8b8                time_since_startup
 .bss.time_since_reset
                0x1ffff8bc        0x4 ./source/timers.o
                0x1ffff8bc                time_since_reset
 .bss.g_xtal0Freq
                0x1ffff8c0        0x4 ./drivers/fsl_clock.o
                0x1ffff8c0                g_xtal0Freq
 .bss.s_lpsciHandle
                0x1ffff8c4        0x4 ./drivers/fsl_lpsci.o
 .bss.s_lpsciIsr
                0x1ffff8c8        0x4 ./drivers/fsl_lpsci.o
 .bss.s_uartHandle
                0x1ffff8cc        0xc ./drivers/fsl_uart.o
 .bss.s_uartIsr
                0x1ffff8d8        0x4 ./drivers/fsl_uart.o
 .bss.__Ciob    0x1ffff8dc       0xb4 c:/nxp/mcuxpressoide_11.8.0_1165/ide/plugins/com.nxp.mcuxpresso.tools.win32_11.8.0.202306131047/tools/bin/../lib/gcc/arm-none-eabi/12.2.1/../../../../arm-none-eabi/lib/thumb/v6-m/nofp\libcr_semihost_nf.a(__ciob.o)
                0x1ffff8dc                __Ciob
 .bss.__end_of_heap
                0x1ffff990        0x4 c:/nxp/mcuxpressoide_11.8.0_1165/ide/plugins/com.nxp.mcuxpresso.tools.win32_11.8.0.202306131047/tools/bin/../lib/gcc/arm-none-eabi/12.2.1/../../../../arm-none-eabi/lib/thumb/v6-m/nofp\libcr_c.a(__init_alloc.o)
                0x1ffff990                __end_of_heap
 .bss.__heaps   0x1ffff994        0x4 c:/nxp/mcuxpressoide_11.8.0_1165/ide/plugins/com.nxp.mcuxpresso.tools.win32_11.8.0.202306131047/tools/bin/../lib/gcc/arm-none-eabi/12.2.1/../../../../arm-none-eabi/lib/thumb/v6-m/nofp\libcr_c.a(__init_alloc.o)
                0x1ffff994                __heaps
 .bss.errno     0x1ffff998        0x4 c:/nxp/mcuxpressoide_11.8.0_1165/ide/plugins/com.nxp.mcuxpresso.tools.win32_11.8.0.202306131047/tools/bin/../lib/gcc/arm-none-eabi/12.2.1/../../../../arm-none-eabi/lib/thumb/v6-m/nofp\libcr_c.a(errno.o)
                0x1ffff998                errno
 .bss.hum_i_buffer
                0x1ffff99c        0x1 ./source/DHT11.o
                0x1ffff99c                hum_i_buffer
 .bss.hum_d_buffer
                0x1ffff99d        0x1 ./source/DHT11.o
                0x1ffff99d                hum_d_buffer
 .bss.temp_i_buffer
                0x1ffff99e        0x1 ./source/DHT11.o
                0x1ffff99e                temp_i_buffer
 .bss.temp_d_buffer
                0x1ffff99f        0x1 ./source/DHT11.o
                0x1ffff99f                temp_d_buffer
 .bss.lcd_flag  0x1ffff9a0        0x1 ./source/LCD.o
                0x1ffff9a0                lcd_flag
 .bss.tim_flag  0x1ffff9a1        0x1 ./source/RTC.o
                0x1ffff9a1                tim_flag
 *(SORT_BY_ALIGNMENT(COMMON))
                0x1ffff9a4                . = ALIGN (0x4)
 *fill*         0x1ffff9a2        0x2 
                0x1ffff9a4                _ebss = .
                [!provide]                PROVIDE (__end_bss_RAM = .)
                [!provide]                PROVIDE (__end_bss_SRAM = .)
                [!provide]                PROVIDE (end = .)

.noinit         0x1ffff9a4        0x0
                0x1ffff9a4                _noinit = .
                [!provide]                PROVIDE (__start_noinit_RAM = .)
                [!provide]                PROVIDE (__start_noinit_SRAM = .)
 *(SORT_BY_ALIGNMENT(.noinit*))
                0x1ffff9a4                . = ALIGN (0x4)
                0x1ffff9a4                _end_noinit = .
                [!provide]                PROVIDE (__end_noinit_RAM = .)
                [!provide]                PROVIDE (__end_noinit_SRAM = .)
                0x00000400                _HeapSize = 0x400

.heap           0x1ffff9a4      0x400
                0x1ffff9a4                _pvHeapStart = .
                0x1ffffda4                . = (. + _HeapSize)
 *fill*         0x1ffff9a4      0x400 
                0x1ffffda4                . = ALIGN (0x4)
                0x1ffffda4                _pvHeapLimit = .
                0x00000400                _StackSize = 0x400

.heap2stackfill
                0x1ffffda4      0x400
                0x200001a4                . = (. + _StackSize)
 *fill*         0x1ffffda4      0x400 

.stack          0x20002c00        0x0
                0x20002c00                _vStackBase = .
                0x20002c00                . = ALIGN (0x4)
                0x20003000                _vStackTop = (. + _StackSize)
                0x00000000                _image_start = LOADADDR (.text)
                0x000054c8                _image_end = (LOADADDR (.data) + SIZEOF (.data))
                0x000054c8                _image_size = (_image_end - _image_start)
OUTPUT(DHT11_LCD_Project.axf elf32-littlearm)
LOAD linker stubs

.debug_info     0x00000000     0x9639
 .debug_info    0x00000000      0x903 ./utilities/fsl_debug_console.o
 .debug_info    0x00000903      0x636 ./startup/startup_mkl25z4.o
 .debug_info    0x00000f39      0x51a ./source/DHT11.o
 .debug_info    0x00001453      0x460 ./source/I2C.o
 .debug_info    0x000018b3      0x30d ./source/LCD.o
 .debug_info    0x00001bc0      0xa25 ./source/RTC.o
 .debug_info    0x000025e5      0x8c3 ./source/UART.o
 .debug_info    0x00002ea8      0x23f ./source/UART_terminal.o
 .debug_info    0x000030e7      0x2fd ./source/cbfifo.o
 .debug_info    0x000033e4       0xde ./source/main.o
 .debug_info    0x000034c2       0x50 ./source/mtb.o
 .debug_info    0x00003512      0x46b ./source/processor.o
 .debug_info    0x0000397d       0x39 ./source/semihost_hardfault.o
 .debug_info    0x000039b6      0x438 ./source/timers.o
 .debug_info    0x00003dee     0x19b0 ./drivers/fsl_clock.o
 .debug_info    0x0000579e     0x13b2 ./drivers/fsl_lpsci.o
 .debug_info    0x00006b50     0x1352 ./drivers/fsl_uart.o
 .debug_info    0x00007ea2      0x3ab ./board/board.o
 .debug_info    0x0000824d      0xb26 ./board/clock_config.o
 .debug_info    0x00008d73      0x50a ./board/pin_mux.o
 .debug_info    0x0000927d      0x3bc ./CMSIS/system_MKL25Z4.o

.debug_abbrev   0x00000000     0x23e1
 .debug_abbrev  0x00000000      0x23e ./utilities/fsl_debug_console.o
 .debug_abbrev  0x0000023e      0x17d ./startup/startup_mkl25z4.o
 .debug_abbrev  0x000003bb      0x1f4 ./source/DHT11.o
 .debug_abbrev  0x000005af      0x196 ./source/I2C.o
 .debug_abbrev  0x00000745      0x185 ./source/LCD.o
 .debug_abbrev  0x000008ca      0x1d2 ./source/RTC.o
 .debug_abbrev  0x00000a9c      0x24e ./source/UART.o
 .debug_abbrev  0x00000cea      0x11f ./source/UART_terminal.o
 .debug_abbrev  0x00000e09      0x19d ./source/cbfifo.o
 .debug_abbrev  0x00000fa6       0x71 ./source/main.o
 .debug_abbrev  0x00001017       0x43 ./source/mtb.o
 .debug_abbrev  0x0000105a      0x16b ./source/processor.o
 .debug_abbrev  0x000011c5       0x2d ./source/semihost_hardfault.o
 .debug_abbrev  0x000011f2      0x1e5 ./source/timers.o
 .debug_abbrev  0x000013d7      0x383 ./drivers/fsl_clock.o
 .debug_abbrev  0x0000175a      0x312 ./drivers/fsl_lpsci.o
 .debug_abbrev  0x00001a6c      0x32e ./drivers/fsl_uart.o
 .debug_abbrev  0x00001d9a      0x14f ./board/board.o
 .debug_abbrev  0x00001ee9      0x23d ./board/clock_config.o
 .debug_abbrev  0x00002126      0x189 ./board/pin_mux.o
 .debug_abbrev  0x000022af      0x132 ./CMSIS/system_MKL25Z4.o

.debug_aranges  0x00000000      0x958
 .debug_aranges
                0x00000000       0x48 ./utilities/fsl_debug_console.o
 .debug_aranges
                0x00000048      0x160 ./startup/startup_mkl25z4.o
 .debug_aranges
                0x000001a8       0x38 ./source/DHT11.o
 .debug_aranges
                0x000001e0       0x48 ./source/I2C.o
 .debug_aranges
                0x00000228       0x50 ./source/LCD.o
 .debug_aranges
                0x00000278       0x48 ./source/RTC.o
 .debug_aranges
                0x000002c0       0x50 ./source/UART.o
 .debug_aranges
                0x00000310       0x20 ./source/UART_terminal.o
 .debug_aranges
                0x00000330       0x48 ./source/cbfifo.o
 .debug_aranges
                0x00000378       0x20 ./source/main.o
 .debug_aranges
                0x00000398       0x18 ./source/mtb.o
 .debug_aranges
                0x000003b0       0x48 ./source/processor.o
 .debug_aranges
                0x000003f8       0x20 ./source/semihost_hardfault.o
 .debug_aranges
                0x00000418       0x50 ./source/timers.o
 .debug_aranges
                0x00000468      0x1d8 ./drivers/fsl_clock.o
 .debug_aranges
                0x00000640      0x118 ./drivers/fsl_lpsci.o
 .debug_aranges
                0x00000758      0x130 ./drivers/fsl_uart.o
 .debug_aranges
                0x00000888       0x28 ./board/board.o
 .debug_aranges
                0x000008b0       0x50 ./board/clock_config.o
 .debug_aranges
                0x00000900       0x30 ./board/pin_mux.o
 .debug_aranges
                0x00000930       0x28 ./CMSIS/system_MKL25Z4.o

.debug_rnglists
                0x00000000      0x6c7
 .debug_rnglists
                0x00000000       0x32 ./utilities/fsl_debug_console.o
 .debug_rnglists
                0x00000032      0x103 ./startup/startup_mkl25z4.o
 .debug_rnglists
                0x00000135       0x26 ./source/DHT11.o
 .debug_rnglists
                0x0000015b       0x34 ./source/I2C.o
 .debug_rnglists
                0x0000018f       0x3a ./source/LCD.o
 .debug_rnglists
                0x000001c9       0x34 ./source/RTC.o
 .debug_rnglists
                0x000001fd       0x3a ./source/UART.o
 .debug_rnglists
                0x00000237       0x14 ./source/UART_terminal.o
 .debug_rnglists
                0x0000024b       0x34 ./source/cbfifo.o
 .debug_rnglists
                0x0000027f       0x13 ./source/main.o
 .debug_rnglists
                0x00000292       0x35 ./source/processor.o
 .debug_rnglists
                0x000002c7       0x13 ./source/semihost_hardfault.o
 .debug_rnglists
                0x000002da       0x38 ./source/timers.o
 .debug_rnglists
                0x00000312      0x16f ./drivers/fsl_clock.o
 .debug_rnglists
                0x00000481       0xd6 ./drivers/fsl_lpsci.o
 .debug_rnglists
                0x00000557       0xe7 ./drivers/fsl_uart.o
 .debug_rnglists
                0x0000063e       0x19 ./board/board.o
 .debug_rnglists
                0x00000657       0x37 ./board/clock_config.o
 .debug_rnglists
                0x0000068e       0x1f ./board/pin_mux.o
 .debug_rnglists
                0x000006ad       0x1a ./CMSIS/system_MKL25Z4.o

.debug_line     0x00000000     0x5783
 .debug_line    0x00000000      0x357 ./utilities/fsl_debug_console.o
 .debug_line    0x00000357      0x310 ./startup/startup_mkl25z4.o
 .debug_line    0x00000667      0x373 ./source/DHT11.o
 .debug_line    0x000009da      0x2a0 ./source/I2C.o
 .debug_line    0x00000c7a      0x2e3 ./source/LCD.o
 .debug_line    0x00000f5d      0x344 ./source/RTC.o
 .debug_line    0x000012a1      0x3b9 ./source/UART.o
 .debug_line    0x0000165a      0x253 ./source/UART_terminal.o
 .debug_line    0x000018ad      0x39d ./source/cbfifo.o
 .debug_line    0x00001c4a      0x104 ./source/main.o
 .debug_line    0x00001d4e       0x30 ./source/mtb.o
 .debug_line    0x00001d7e      0x431 ./source/processor.o
 .debug_line    0x000021af       0x59 ./source/semihost_hardfault.o
 .debug_line    0x00002208      0x241 ./source/timers.o
 .debug_line    0x00002449     0x11c5 ./drivers/fsl_clock.o
 .debug_line    0x0000360e      0xcb4 ./drivers/fsl_lpsci.o
 .debug_line    0x000042c2      0xc90 ./drivers/fsl_uart.o
 .debug_line    0x00004f52      0x1e0 ./board/board.o
 .debug_line    0x00005132      0x27f ./board/clock_config.o
 .debug_line    0x000053b1      0x1c2 ./board/pin_mux.o
 .debug_line    0x00005573      0x210 ./CMSIS/system_MKL25Z4.o

.debug_str      0x00000000     0x3d11
 .debug_str     0x00000000      0xa76 ./utilities/fsl_debug_console.o
                                0xae7 (size before relaxing)
 .debug_str     0x00000a76      0x39d ./startup/startup_mkl25z4.o
                                0x4bc (size before relaxing)
 .debug_str     0x00000e13      0x1d0 ./source/DHT11.o
                                0x394 (size before relaxing)
 .debug_str     0x00000fe3       0x7f ./source/I2C.o
                                0x306 (size before relaxing)
 .debug_str     0x00001062       0xb1 ./source/LCD.o
                                0x282 (size before relaxing)
 .debug_str     0x00001113      0x2e4 ./source/RTC.o
                                0xa46 (size before relaxing)
 .debug_str     0x000013f7       0xc7 ./source/UART.o
                                0x621 (size before relaxing)
 .debug_str     0x000014be       0xf1 ./source/UART_terminal.o
                                0x29d (size before relaxing)
 .debug_str     0x000015af       0x8f ./source/cbfifo.o
                                0x2b5 (size before relaxing)
 .debug_str     0x0000163e       0x44 ./source/main.o
                                0x238 (size before relaxing)
 .debug_str     0x00001682       0x1f ./source/mtb.o
                                0x13d (size before relaxing)
 .debug_str     0x000016a1       0xca ./source/processor.o
                                0x376 (size before relaxing)
 .debug_str     0x0000176b       0x1f ./source/semihost_hardfault.o
                                0x13d (size before relaxing)
 .debug_str     0x0000178a       0x55 ./source/timers.o
                                0x49d (size before relaxing)
 .debug_str     0x000017df      0xfc0 ./drivers/fsl_clock.o
                               0x17b0 (size before relaxing)
 .debug_str     0x0000279f      0x90e ./drivers/fsl_lpsci.o
                               0x1566 (size before relaxing)
 .debug_str     0x000030ad      0x7c8 ./drivers/fsl_uart.o
                               0x1572 (size before relaxing)
 .debug_str     0x00003875       0x35 ./board/board.o
                                0x310 (size before relaxing)
 .debug_str     0x000038aa      0x2f8 ./board/clock_config.o
                                0xe1e (size before relaxing)
 .debug_str     0x00003ba2      0x12b ./board/pin_mux.o
                                0x55c (size before relaxing)
 .debug_str     0x00003ccd       0x44 ./CMSIS/system_MKL25Z4.o
                                0x2e9 (size before relaxing)

.comment        0x00000000       0x45
 .comment       0x00000000       0x45 ./utilities/fsl_debug_console.o
                                 0x46 (size before relaxing)
 .comment       0x00000045       0x46 ./startup/startup_mkl25z4.o
 .comment       0x00000045       0x46 ./source/DHT11.o
 .comment       0x00000045       0x46 ./source/I2C.o
 .comment       0x00000045       0x46 ./source/LCD.o
 .comment       0x00000045       0x46 ./source/RTC.o
 .comment       0x00000045       0x46 ./source/UART.o
 .comment       0x00000045       0x46 ./source/UART_terminal.o
 .comment       0x00000045       0x46 ./source/cbfifo.o
 .comment       0x00000045       0x46 ./source/main.o
 .comment       0x00000045       0x46 ./source/mtb.o
 .comment       0x00000045       0x46 ./source/processor.o
 .comment       0x00000045       0x46 ./source/semihost_hardfault.o
 .comment       0x00000045       0x46 ./source/timers.o
 .comment       0x00000045       0x46 ./drivers/fsl_clock.o
 .comment       0x00000045       0x46 ./drivers/fsl_lpsci.o
 .comment       0x00000045       0x46 ./drivers/fsl_uart.o
 .comment       0x00000045       0x46 ./board/board.o
 .comment       0x00000045       0x46 ./board/clock_config.o
 .comment       0x00000045       0x46 ./board/pin_mux.o
 .comment       0x00000045       0x46 ./CMSIS/system_MKL25Z4.o
 .comment       0x00000045       0x46 c:/nxp/mcuxpressoide_11.8.0_1165/ide/plugins/com.nxp.mcuxpresso.tools.win32_11.8.0.202306131047/tools/bin/../lib/gcc/arm-none-eabi/12.2.1/../../../../arm-none-eabi/lib/thumb/v6-m/nofp\libcr_semihost_nf.a(__ciob.o)
 .comment       0x00000045       0x46 c:/nxp/mcuxpressoide_11.8.0_1165/ide/plugins/com.nxp.mcuxpresso.tools.win32_11.8.0.202306131047/tools/bin/../lib/gcc/arm-none-eabi/12.2.1/../../../../arm-none-eabi/lib/thumb/v6-m/nofp\libcr_semihost_nf.a(_cr__main.o)
 .comment       0x00000045       0x46 c:/nxp/mcuxpressoide_11.8.0_1165/ide/plugins/com.nxp.mcuxpresso.tools.win32_11.8.0.202306131047/tools/bin/../lib/gcc/arm-none-eabi/12.2.1/../../../../arm-none-eabi/lib/thumb/v6-m/nofp\libcr_semihost_nf.a(_cr_assert.o)
 .comment       0x00000045       0x46 c:/nxp/mcuxpressoide_11.8.0_1165/ide/plugins/com.nxp.mcuxpresso.tools.win32_11.8.0.202306131047/tools/bin/../lib/gcc/arm-none-eabi/12.2.1/../../../../arm-none-eabi/lib/thumb/v6-m/nofp\libcr_c.a(memset.o)
 .comment       0x00000045       0x46 c:/nxp/mcuxpressoide_11.8.0_1165/ide/plugins/com.nxp.mcuxpresso.tools.win32_11.8.0.202306131047/tools/bin/../lib/gcc/arm-none-eabi/12.2.1/../../../../arm-none-eabi/lib/thumb/v6-m/nofp\libcr_c.a(__fillbuf.o)
 .comment       0x00000045       0x46 c:/nxp/mcuxpressoide_11.8.0_1165/ide/plugins/com.nxp.mcuxpresso.tools.win32_11.8.0.202306131047/tools/bin/../lib/gcc/arm-none-eabi/12.2.1/../../../../arm-none-eabi/lib/thumb/v6-m/nofp\libcr_c.a(_deferredlazyseek.o)
 .comment       0x00000045       0x46 c:/nxp/mcuxpressoide_11.8.0_1165/ide/plugins/com.nxp.mcuxpresso.tools.win32_11.8.0.202306131047/tools/bin/../lib/gcc/arm-none-eabi/12.2.1/../../../../arm-none-eabi/lib/thumb/v6-m/nofp\libcr_c.a(_fflush.o)
 .comment       0x00000045       0x46 c:/nxp/mcuxpressoide_11.8.0_1165/ide/plugins/com.nxp.mcuxpresso.tools.win32_11.8.0.202306131047/tools/bin/../lib/gcc/arm-none-eabi/12.2.1/../../../../arm-none-eabi/lib/thumb/v6-m/nofp\libcr_c.a(_writebuf.o)
 .comment       0x00000045       0x46 c:/nxp/mcuxpressoide_11.8.0_1165/ide/plugins/com.nxp.mcuxpresso.tools.win32_11.8.0.202306131047/tools/bin/../lib/gcc/arm-none-eabi/12.2.1/../../../../arm-none-eabi/lib/thumb/v6-m/nofp\libcr_c.a(alloc.o)
 .comment       0x00000045       0x46 c:/nxp/mcuxpressoide_11.8.0_1165/ide/plugins/com.nxp.mcuxpresso.tools.win32_11.8.0.202306131047/tools/bin/../lib/gcc/arm-none-eabi/12.2.1/../../../../arm-none-eabi/lib/thumb/v6-m/nofp\libcr_c.a(ctype.o)
 .comment       0x00000045       0x46 c:/nxp/mcuxpressoide_11.8.0_1165/ide/plugins/com.nxp.mcuxpresso.tools.win32_11.8.0.202306131047/tools/bin/../lib/gcc/arm-none-eabi/12.2.1/../../../../arm-none-eabi/lib/thumb/v6-m/nofp\libcr_c.a(fputs.o)
 .comment       0x00000045       0x46 c:/nxp/mcuxpressoide_11.8.0_1165/ide/plugins/com.nxp.mcuxpresso.tools.win32_11.8.0.202306131047/tools/bin/../lib/gcc/arm-none-eabi/12.2.1/../../../../arm-none-eabi/lib/thumb/v6-m/nofp\libcr_c.a(fseek.o)
 .comment       0x00000045       0x46 c:/nxp/mcuxpressoide_11.8.0_1165/ide/plugins/com.nxp.mcuxpresso.tools.win32_11.8.0.202306131047/tools/bin/../lib/gcc/arm-none-eabi/12.2.1/../../../../arm-none-eabi/lib/thumb/v6-m/nofp\libcr_c.a(ftell.o)
 .comment       0x00000045       0x46 c:/nxp/mcuxpressoide_11.8.0_1165/ide/plugins/com.nxp.mcuxpresso.tools.win32_11.8.0.202306131047/tools/bin/../lib/gcc/arm-none-eabi/12.2.1/../../../../arm-none-eabi/lib/thumb/v6-m/nofp\libcr_c.a(initio.o)
 .comment       0x00000045       0x46 c:/nxp/mcuxpressoide_11.8.0_1165/ide/plugins/com.nxp.mcuxpresso.tools.win32_11.8.0.202306131047/tools/bin/../lib/gcc/arm-none-eabi/12.2.1/../../../../arm-none-eabi/lib/thumb/v6-m/nofp\libcr_c.a(printf.o)
 .comment       0x00000045       0x46 c:/nxp/mcuxpressoide_11.8.0_1165/ide/plugins/com.nxp.mcuxpresso.tools.win32_11.8.0.202306131047/tools/bin/../lib/gcc/arm-none-eabi/12.2.1/../../../../arm-none-eabi/lib/thumb/v6-m/nofp\libcr_c.a(setvbuf.o)
 .comment       0x00000045       0x46 c:/nxp/mcuxpressoide_11.8.0_1165/ide/plugins/com.nxp.mcuxpresso.tools.win32_11.8.0.202306131047/tools/bin/../lib/gcc/arm-none-eabi/12.2.1/../../../../arm-none-eabi/lib/thumb/v6-m/nofp\libcr_c.a(strcasecmp.o)
 .comment       0x00000045       0x46 c:/nxp/mcuxpressoide_11.8.0_1165/ide/plugins/com.nxp.mcuxpresso.tools.win32_11.8.0.202306131047/tools/bin/../lib/gcc/arm-none-eabi/12.2.1/../../../../arm-none-eabi/lib/thumb/v6-m/nofp\libcr_c.a(strlen.o)
 .comment       0x00000045       0x46 c:/nxp/mcuxpressoide_11.8.0_1165/ide/plugins/com.nxp.mcuxpresso.tools.win32_11.8.0.202306131047/tools/bin/../lib/gcc/arm-none-eabi/12.2.1/../../../../arm-none-eabi/lib/thumb/v6-m/nofp\libcr_c.a(__init_alloc.o)
 .comment       0x00000045       0x46 c:/nxp/mcuxpressoide_11.8.0_1165/ide/plugins/com.nxp.mcuxpresso.tools.win32_11.8.0.202306131047/tools/bin/../lib/gcc/arm-none-eabi/12.2.1/../../../../arm-none-eabi/lib/thumb/v6-m/nofp\libcr_c.a(_cr_sbrk.o)
 .comment       0x00000045       0x46 c:/nxp/mcuxpressoide_11.8.0_1165/ide/plugins/com.nxp.mcuxpresso.tools.win32_11.8.0.202306131047/tools/bin/../lib/gcc/arm-none-eabi/12.2.1/../../../../arm-none-eabi/lib/thumb/v6-m/nofp\libcr_c.a(_fdopen.o)
 .comment       0x00000045       0x46 c:/nxp/mcuxpressoide_11.8.0_1165/ide/plugins/com.nxp.mcuxpresso.tools.win32_11.8.0.202306131047/tools/bin/../lib/gcc/arm-none-eabi/12.2.1/../../../../arm-none-eabi/lib/thumb/v6-m/nofp\libcr_c.a(errno.o)
 .comment       0x00000045       0x46 c:/nxp/mcuxpressoide_11.8.0_1165/ide/plugins/com.nxp.mcuxpresso.tools.win32_11.8.0.202306131047/tools/bin/../lib/gcc/arm-none-eabi/12.2.1/../../../../arm-none-eabi/lib/thumb/v6-m/nofp\libcr_c.a(fclose.o)
 .comment       0x00000045       0x46 c:/nxp/mcuxpressoide_11.8.0_1165/ide/plugins/com.nxp.mcuxpresso.tools.win32_11.8.0.202306131047/tools/bin/../lib/gcc/arm-none-eabi/12.2.1/../../../../arm-none-eabi/lib/thumb/v6-m/nofp\libcr_c.a(fflush.o)
 .comment       0x00000045       0x46 c:/nxp/mcuxpressoide_11.8.0_1165/ide/plugins/com.nxp.mcuxpresso.tools.win32_11.8.0.202306131047/tools/bin/../lib/gcc/arm-none-eabi/12.2.1/../../../../arm-none-eabi/lib/thumb/v6-m/nofp\libcr_c.a(remove.o)
 .comment       0x00000045       0x46 c:/nxp/mcuxpressoide_11.8.0_1165/ide/plugins/com.nxp.mcuxpresso.tools.win32_11.8.0.202306131047/tools/bin/../lib/gcc/arm-none-eabi/12.2.1/../../../../arm-none-eabi/lib/thumb/v6-m/nofp\libcr_c.a(_cr_check_heap.o)
 .comment       0x00000045       0x46 c:/nxp/mcuxpressoide_11.8.0_1165/ide/plugins/com.nxp.mcuxpresso.tools.win32_11.8.0.202306131047/tools/bin/../lib/gcc/arm-none-eabi/12.2.1/../../../../arm-none-eabi/lib/thumb/v6-m/nofp\libcr_c.a(_do_fflush.o)
 .comment       0x00000045       0x46 c:/nxp/mcuxpressoide_11.8.0_1165/ide/plugins/com.nxp.mcuxpresso.tools.win32_11.8.0.202306131047/tools/bin/../lib/gcc/arm-none-eabi/12.2.1/thumb/v6-m/nofp\libcr_eabihelpers.a(double.o)

.ARM.attributes
                0x00000000       0x2a
 .ARM.attributes
                0x00000000       0x2c ./utilities/fsl_debug_console.o
 .ARM.attributes
                0x0000002c       0x2c ./startup/startup_mkl25z4.o
 .ARM.attributes
                0x00000058       0x2c ./source/DHT11.o
 .ARM.attributes
                0x00000084       0x2c ./source/I2C.o
 .ARM.attributes
                0x000000b0       0x2c ./source/LCD.o
 .ARM.attributes
                0x000000dc       0x2c ./source/RTC.o
 .ARM.attributes
                0x00000108       0x2c ./source/UART.o
 .ARM.attributes
                0x00000134       0x2c ./source/UART_terminal.o
 .ARM.attributes
                0x00000160       0x2c ./source/cbfifo.o
 .ARM.attributes
                0x0000018c       0x2c ./source/main.o
 .ARM.attributes
                0x000001b8       0x2c ./source/mtb.o
 .ARM.attributes
                0x000001e4       0x2c ./source/processor.o
 .ARM.attributes
                0x00000210       0x2c ./source/semihost_hardfault.o
 .ARM.attributes
                0x0000023c       0x2c ./source/timers.o
 .ARM.attributes
                0x00000268       0x2c ./drivers/fsl_clock.o
 .ARM.attributes
                0x00000294       0x2c ./drivers/fsl_lpsci.o
 .ARM.attributes
                0x000002c0       0x2c ./drivers/fsl_uart.o
 .ARM.attributes
                0x000002ec       0x2c ./board/board.o
 .ARM.attributes
                0x00000318       0x2c ./board/clock_config.o
 .ARM.attributes
                0x00000344       0x2c ./board/pin_mux.o
 .ARM.attributes
                0x00000370       0x2c ./CMSIS/system_MKL25Z4.o
 .ARM.attributes
                0x0000039c       0x2c c:/nxp/mcuxpressoide_11.8.0_1165/ide/plugins/com.nxp.mcuxpresso.tools.win32_11.8.0.202306131047/tools/bin/../lib/gcc/arm-none-eabi/12.2.1/../../../../arm-none-eabi/lib/thumb/v6-m/nofp\libcr_semihost_nf.a(__ciob.o)
 .ARM.attributes
                0x000003c8       0x2c c:/nxp/mcuxpressoide_11.8.0_1165/ide/plugins/com.nxp.mcuxpresso.tools.win32_11.8.0.202306131047/tools/bin/../lib/gcc/arm-none-eabi/12.2.1/../../../../arm-none-eabi/lib/thumb/v6-m/nofp\libcr_semihost_nf.a(_cr__main.o)
 .ARM.attributes
                0x000003f4       0x2c c:/nxp/mcuxpressoide_11.8.0_1165/ide/plugins/com.nxp.mcuxpresso.tools.win32_11.8.0.202306131047/tools/bin/../lib/gcc/arm-none-eabi/12.2.1/../../../../arm-none-eabi/lib/thumb/v6-m/nofp\libcr_semihost_nf.a(_cr_assert.o)
 .ARM.attributes
                0x00000420       0x1c c:/nxp/mcuxpressoide_11.8.0_1165/ide/plugins/com.nxp.mcuxpresso.tools.win32_11.8.0.202306131047/tools/bin/../lib/gcc/arm-none-eabi/12.2.1/../../../../arm-none-eabi/lib/thumb/v6-m/nofp\libcr_semihost_nf.a(__sys_appexit.o)
 .ARM.attributes
                0x0000043c       0x2c c:/nxp/mcuxpressoide_11.8.0_1165/ide/plugins/com.nxp.mcuxpresso.tools.win32_11.8.0.202306131047/tools/bin/../lib/gcc/arm-none-eabi/12.2.1/../../../../arm-none-eabi/lib/thumb/v6-m/nofp\libcr_c.a(memset.o)
 .ARM.attributes
                0x00000468       0x2c c:/nxp/mcuxpressoide_11.8.0_1165/ide/plugins/com.nxp.mcuxpresso.tools.win32_11.8.0.202306131047/tools/bin/../lib/gcc/arm-none-eabi/12.2.1/../../../../arm-none-eabi/lib/thumb/v6-m/nofp\libcr_c.a(__fillbuf.o)
 .ARM.attributes
                0x00000494       0x2c c:/nxp/mcuxpressoide_11.8.0_1165/ide/plugins/com.nxp.mcuxpresso.tools.win32_11.8.0.202306131047/tools/bin/../lib/gcc/arm-none-eabi/12.2.1/../../../../arm-none-eabi/lib/thumb/v6-m/nofp\libcr_c.a(_deferredlazyseek.o)
 .ARM.attributes
                0x000004c0       0x2c c:/nxp/mcuxpressoide_11.8.0_1165/ide/plugins/com.nxp.mcuxpresso.tools.win32_11.8.0.202306131047/tools/bin/../lib/gcc/arm-none-eabi/12.2.1/../../../../arm-none-eabi/lib/thumb/v6-m/nofp\libcr_c.a(_fflush.o)
 .ARM.attributes
                0x000004ec       0x2c c:/nxp/mcuxpressoide_11.8.0_1165/ide/plugins/com.nxp.mcuxpresso.tools.win32_11.8.0.202306131047/tools/bin/../lib/gcc/arm-none-eabi/12.2.1/../../../../arm-none-eabi/lib/thumb/v6-m/nofp\libcr_c.a(_writebuf.o)
 .ARM.attributes
                0x00000518       0x2c c:/nxp/mcuxpressoide_11.8.0_1165/ide/plugins/com.nxp.mcuxpresso.tools.win32_11.8.0.202306131047/tools/bin/../lib/gcc/arm-none-eabi/12.2.1/../../../../arm-none-eabi/lib/thumb/v6-m/nofp\libcr_c.a(alloc.o)
 .ARM.attributes
                0x00000544       0x2c c:/nxp/mcuxpressoide_11.8.0_1165/ide/plugins/com.nxp.mcuxpresso.tools.win32_11.8.0.202306131047/tools/bin/../lib/gcc/arm-none-eabi/12.2.1/../../../../arm-none-eabi/lib/thumb/v6-m/nofp\libcr_c.a(ctype.o)
 .ARM.attributes
                0x00000570       0x2c c:/nxp/mcuxpressoide_11.8.0_1165/ide/plugins/com.nxp.mcuxpresso.tools.win32_11.8.0.202306131047/tools/bin/../lib/gcc/arm-none-eabi/12.2.1/../../../../arm-none-eabi/lib/thumb/v6-m/nofp\libcr_c.a(fputs.o)
 .ARM.attributes
                0x0000059c       0x2c c:/nxp/mcuxpressoide_11.8.0_1165/ide/plugins/com.nxp.mcuxpresso.tools.win32_11.8.0.202306131047/tools/bin/../lib/gcc/arm-none-eabi/12.2.1/../../../../arm-none-eabi/lib/thumb/v6-m/nofp\libcr_c.a(fseek.o)
 .ARM.attributes
                0x000005c8       0x2c c:/nxp/mcuxpressoide_11.8.0_1165/ide/plugins/com.nxp.mcuxpresso.tools.win32_11.8.0.202306131047/tools/bin/../lib/gcc/arm-none-eabi/12.2.1/../../../../arm-none-eabi/lib/thumb/v6-m/nofp\libcr_c.a(ftell.o)
 .ARM.attributes
                0x000005f4       0x2c c:/nxp/mcuxpressoide_11.8.0_1165/ide/plugins/com.nxp.mcuxpresso.tools.win32_11.8.0.202306131047/tools/bin/../lib/gcc/arm-none-eabi/12.2.1/../../../../arm-none-eabi/lib/thumb/v6-m/nofp\libcr_c.a(initio.o)
 .ARM.attributes
                0x00000620       0x2c c:/nxp/mcuxpressoide_11.8.0_1165/ide/plugins/com.nxp.mcuxpresso.tools.win32_11.8.0.202306131047/tools/bin/../lib/gcc/arm-none-eabi/12.2.1/../../../../arm-none-eabi/lib/thumb/v6-m/nofp\libcr_c.a(printf.o)
 .ARM.attributes
                0x0000064c       0x2c c:/nxp/mcuxpressoide_11.8.0_1165/ide/plugins/com.nxp.mcuxpresso.tools.win32_11.8.0.202306131047/tools/bin/../lib/gcc/arm-none-eabi/12.2.1/../../../../arm-none-eabi/lib/thumb/v6-m/nofp\libcr_c.a(setvbuf.o)
 .ARM.attributes
                0x00000678       0x2c c:/nxp/mcuxpressoide_11.8.0_1165/ide/plugins/com.nxp.mcuxpresso.tools.win32_11.8.0.202306131047/tools/bin/../lib/gcc/arm-none-eabi/12.2.1/../../../../arm-none-eabi/lib/thumb/v6-m/nofp\libcr_c.a(strcasecmp.o)
 .ARM.attributes
                0x000006a4       0x2c c:/nxp/mcuxpressoide_11.8.0_1165/ide/plugins/com.nxp.mcuxpresso.tools.win32_11.8.0.202306131047/tools/bin/../lib/gcc/arm-none-eabi/12.2.1/../../../../arm-none-eabi/lib/thumb/v6-m/nofp\libcr_c.a(strlen.o)
 .ARM.attributes
                0x000006d0       0x2c c:/nxp/mcuxpressoide_11.8.0_1165/ide/plugins/com.nxp.mcuxpresso.tools.win32_11.8.0.202306131047/tools/bin/../lib/gcc/arm-none-eabi/12.2.1/../../../../arm-none-eabi/lib/thumb/v6-m/nofp\libcr_c.a(__init_alloc.o)
 .ARM.attributes
                0x000006fc       0x2c c:/nxp/mcuxpressoide_11.8.0_1165/ide/plugins/com.nxp.mcuxpresso.tools.win32_11.8.0.202306131047/tools/bin/../lib/gcc/arm-none-eabi/12.2.1/../../../../arm-none-eabi/lib/thumb/v6-m/nofp\libcr_c.a(_cr_sbrk.o)
 .ARM.attributes
                0x00000728       0x2c c:/nxp/mcuxpressoide_11.8.0_1165/ide/plugins/com.nxp.mcuxpresso.tools.win32_11.8.0.202306131047/tools/bin/../lib/gcc/arm-none-eabi/12.2.1/../../../../arm-none-eabi/lib/thumb/v6-m/nofp\libcr_c.a(_fdopen.o)
 .ARM.attributes
                0x00000754       0x2c c:/nxp/mcuxpressoide_11.8.0_1165/ide/plugins/com.nxp.mcuxpresso.tools.win32_11.8.0.202306131047/tools/bin/../lib/gcc/arm-none-eabi/12.2.1/../../../../arm-none-eabi/lib/thumb/v6-m/nofp\libcr_c.a(errno.o)
 .ARM.attributes
                0x00000780       0x2c c:/nxp/mcuxpressoide_11.8.0_1165/ide/plugins/com.nxp.mcuxpresso.tools.win32_11.8.0.202306131047/tools/bin/../lib/gcc/arm-none-eabi/12.2.1/../../../../arm-none-eabi/lib/thumb/v6-m/nofp\libcr_c.a(fclose.o)
 .ARM.attributes
                0x000007ac       0x2c c:/nxp/mcuxpressoide_11.8.0_1165/ide/plugins/com.nxp.mcuxpresso.tools.win32_11.8.0.202306131047/tools/bin/../lib/gcc/arm-none-eabi/12.2.1/../../../../arm-none-eabi/lib/thumb/v6-m/nofp\libcr_c.a(fflush.o)
 .ARM.attributes
                0x000007d8       0x2c c:/nxp/mcuxpressoide_11.8.0_1165/ide/plugins/com.nxp.mcuxpresso.tools.win32_11.8.0.202306131047/tools/bin/../lib/gcc/arm-none-eabi/12.2.1/../../../../arm-none-eabi/lib/thumb/v6-m/nofp\libcr_c.a(remove.o)
 .ARM.attributes
                0x00000804       0x2c c:/nxp/mcuxpressoide_11.8.0_1165/ide/plugins/com.nxp.mcuxpresso.tools.win32_11.8.0.202306131047/tools/bin/../lib/gcc/arm-none-eabi/12.2.1/../../../../arm-none-eabi/lib/thumb/v6-m/nofp\libcr_c.a(_cr_check_heap.o)
 .ARM.attributes
                0x00000830       0x2c c:/nxp/mcuxpressoide_11.8.0_1165/ide/plugins/com.nxp.mcuxpresso.tools.win32_11.8.0.202306131047/tools/bin/../lib/gcc/arm-none-eabi/12.2.1/../../../../arm-none-eabi/lib/thumb/v6-m/nofp\libcr_c.a(_do_fflush.o)
 .ARM.attributes
                0x0000085c       0x1c c:/nxp/mcuxpressoide_11.8.0_1165/ide/plugins/com.nxp.mcuxpresso.tools.win32_11.8.0.202306131047/tools/bin/../lib/gcc/arm-none-eabi/12.2.1/thumb/v6-m/nofp\libcr_eabihelpers.a(division_32.o)
 .ARM.attributes
                0x00000878       0x1c c:/nxp/mcuxpressoide_11.8.0_1165/ide/plugins/com.nxp.mcuxpresso.tools.win32_11.8.0.202306131047/tools/bin/../lib/gcc/arm-none-eabi/12.2.1/thumb/v6-m/nofp\libcr_eabihelpers.a(division_idiv0.o)
 .ARM.attributes
                0x00000894       0x2c c:/nxp/mcuxpressoide_11.8.0_1165/ide/plugins/com.nxp.mcuxpresso.tools.win32_11.8.0.202306131047/tools/bin/../lib/gcc/arm-none-eabi/12.2.1/thumb/v6-m/nofp\libcr_eabihelpers.a(double.o)
 .ARM.attributes
                0x000008c0       0x1c c:/nxp/mcuxpressoide_11.8.0_1165/ide/plugins/com.nxp.mcuxpresso.tools.win32_11.8.0.202306131047/tools/bin/../lib/gcc/arm-none-eabi/12.2.1/thumb/v6-m/nofp\libcr_eabihelpers.a(llong.o)
 .ARM.attributes
                0x000008dc       0x1c c:/nxp/mcuxpressoide_11.8.0_1165/ide/plugins/com.nxp.mcuxpresso.tools.win32_11.8.0.202306131047/tools/bin/../lib/gcc/arm-none-eabi/12.2.1/thumb/v6-m/nofp\libcr_eabihelpers.a(memcpy.o)
 .ARM.attributes
                0x000008f8       0x1c c:/nxp/mcuxpressoide_11.8.0_1165/ide/plugins/com.nxp.mcuxpresso.tools.win32_11.8.0.202306131047/tools/bin/../lib/gcc/arm-none-eabi/12.2.1/thumb/v6-m/nofp\libcr_eabihelpers.a(thumb1_switch_helpers.o)
 .ARM.attributes
                0x00000914       0x1c c:/nxp/mcuxpressoide_11.8.0_1165/ide/plugins/com.nxp.mcuxpresso.tools.win32_11.8.0.202306131047/tools/bin/../lib/gcc/arm-none-eabi/12.2.1/../../../../arm-none-eabi/lib/thumb/v6-m/nofp\libcr_semihost_nf.a(__sys_close.o)
 .ARM.attributes
                0x00000930       0x1c c:/nxp/mcuxpressoide_11.8.0_1165/ide/plugins/com.nxp.mcuxpresso.tools.win32_11.8.0.202306131047/tools/bin/../lib/gcc/arm-none-eabi/12.2.1/../../../../arm-none-eabi/lib/thumb/v6-m/nofp\libcr_semihost_nf.a(__sys_flen.o)
 .ARM.attributes
                0x0000094c       0x1c c:/nxp/mcuxpressoide_11.8.0_1165/ide/plugins/com.nxp.mcuxpresso.tools.win32_11.8.0.202306131047/tools/bin/../lib/gcc/arm-none-eabi/12.2.1/../../../../arm-none-eabi/lib/thumb/v6-m/nofp\libcr_semihost_nf.a(__sys_istty.o)
 .ARM.attributes
                0x00000968       0x1c c:/nxp/mcuxpressoide_11.8.0_1165/ide/plugins/com.nxp.mcuxpresso.tools.win32_11.8.0.202306131047/tools/bin/../lib/gcc/arm-none-eabi/12.2.1/../../../../arm-none-eabi/lib/thumb/v6-m/nofp\libcr_semihost_nf.a(__sys_read.o)
 .ARM.attributes
                0x00000984       0x1c c:/nxp/mcuxpressoide_11.8.0_1165/ide/plugins/com.nxp.mcuxpresso.tools.win32_11.8.0.202306131047/tools/bin/../lib/gcc/arm-none-eabi/12.2.1/../../../../arm-none-eabi/lib/thumb/v6-m/nofp\libcr_semihost_nf.a(__sys_remove.o)
 .ARM.attributes
                0x000009a0       0x1c c:/nxp/mcuxpressoide_11.8.0_1165/ide/plugins/com.nxp.mcuxpresso.tools.win32_11.8.0.202306131047/tools/bin/../lib/gcc/arm-none-eabi/12.2.1/../../../../arm-none-eabi/lib/thumb/v6-m/nofp\libcr_semihost_nf.a(__sys_seek.o)
 .ARM.attributes
                0x000009bc       0x1c c:/nxp/mcuxpressoide_11.8.0_1165/ide/plugins/com.nxp.mcuxpresso.tools.win32_11.8.0.202306131047/tools/bin/../lib/gcc/arm-none-eabi/12.2.1/../../../../arm-none-eabi/lib/thumb/v6-m/nofp\libcr_semihost_nf.a(__sys_tmpnam.o)

.debug_frame    0x00000000     0x1cb0
 .debug_frame   0x00000000       0xcc ./utilities/fsl_debug_console.o
 .debug_frame   0x000000cc      0x3b0 ./startup/startup_mkl25z4.o
 .debug_frame   0x0000047c       0x88 ./source/DHT11.o
 .debug_frame   0x00000504       0xc4 ./source/I2C.o
 .debug_frame   0x000005c8       0xf0 ./source/LCD.o
 .debug_frame   0x000006b8       0xc8 ./source/RTC.o
 .debug_frame   0x00000780       0xf0 ./source/UART.o
 .debug_frame   0x00000870       0x30 ./source/UART_terminal.o
 .debug_frame   0x000008a0       0xd0 ./source/cbfifo.o
 .debug_frame   0x00000970       0x2c ./source/main.o
 .debug_frame   0x0000099c       0xd4 ./source/processor.o
 .debug_frame   0x00000a70       0x20 ./source/semihost_hardfault.o
 .debug_frame   0x00000a90       0xdc ./source/timers.o
 .debug_frame   0x00000b6c      0x6e0 ./drivers/fsl_clock.o
 .debug_frame   0x0000124c      0x414 ./drivers/fsl_lpsci.o
 .debug_frame   0x00001660      0x464 ./drivers/fsl_uart.o
 .debug_frame   0x00001ac4       0x50 ./board/board.o
 .debug_frame   0x00001b14       0xe4 ./board/clock_config.o
 .debug_frame   0x00001bf8       0x6c ./board/pin_mux.o
 .debug_frame   0x00001c64       0x4c ./CMSIS/system_MKL25Z4.o

.debug_loclists
                0x00000000      0x104
 .debug_loclists
                0x00000000      0x104 ./startup/startup_mkl25z4.o

Cross Reference Table

Symbol                                            File
ADC0_DriverIRQHandler                             ./startup/startup_mkl25z4.o
ADC0_IRQHandler                                   ./startup/startup_mkl25z4.o
BOARD_BootClockRUN                                ./board/clock_config.o
                                                  ./source/main.o
BOARD_BootClockVLPR                               ./board/clock_config.o
BOARD_InitBootPeripherals                         ./board/peripherals.o
BOARD_InitDebugConsole                            ./board/board.o
                                                  ./source/main.o
BOARD_InitPins                                    ./board/pin_mux.o
                                                  ./source/main.o
CLOCK_BootToBlpeMode                              ./drivers/fsl_clock.o
CLOCK_BootToBlpiMode                              ./drivers/fsl_clock.o
                                                  ./board/clock_config.o
CLOCK_BootToFeeMode                               ./drivers/fsl_clock.o
CLOCK_BootToFeiMode                               ./drivers/fsl_clock.o
CLOCK_BootToPeeMode                               ./drivers/fsl_clock.o
                                                  ./board/clock_config.o
CLOCK_CalcPllDiv                                  ./drivers/fsl_clock.o
CLOCK_ClearStatusFlags                            ./drivers/fsl_clock.o
CLOCK_DeinitOsc0                                  ./drivers/fsl_clock.o
CLOCK_EnablePll0                                  ./drivers/fsl_clock.o
CLOCK_EnableUsbfs0Clock                           ./drivers/fsl_clock.o
CLOCK_ExternalModeToFbeModeQuick                  ./drivers/fsl_clock.o
CLOCK_FllStableDelay                              ./drivers/fsl_clock.o
CLOCK_GetBusClkFreq                               ./drivers/fsl_clock.o
CLOCK_GetCoreSysClkFreq                           ./drivers/fsl_clock.o
CLOCK_GetEr32kClkFreq                             ./drivers/fsl_clock.o
CLOCK_GetFixedFreqClkFreq                         ./drivers/fsl_clock.o
CLOCK_GetFlashClkFreq                             ./drivers/fsl_clock.o
CLOCK_GetFllFreq                                  ./drivers/fsl_clock.o
CLOCK_GetFreq                                     ./drivers/fsl_clock.o
CLOCK_GetInternalRefClkFreq                       ./drivers/fsl_clock.o
CLOCK_GetMode                                     ./drivers/fsl_clock.o
CLOCK_GetOsc0ErClkFreq                            ./drivers/fsl_clock.o
CLOCK_GetOutClkFreq                               ./drivers/fsl_clock.o
CLOCK_GetPlatClkFreq                              ./drivers/fsl_clock.o
CLOCK_GetPll0Freq                                 ./drivers/fsl_clock.o
CLOCK_GetPllFllSelClkFreq                         ./drivers/fsl_clock.o
                                                  ./board/board.o
CLOCK_GetStatusFlags                              ./drivers/fsl_clock.o
CLOCK_InitOsc0                                    ./drivers/fsl_clock.o
                                                  ./board/clock_config.o
CLOCK_InternalModeToFbiModeQuick                  ./drivers/fsl_clock.o
CLOCK_SetBlpeMode                                 ./drivers/fsl_clock.o
CLOCK_SetBlpiMode                                 ./drivers/fsl_clock.o
CLOCK_SetExternalRefClkConfig                     ./drivers/fsl_clock.o
CLOCK_SetFbeMode                                  ./drivers/fsl_clock.o
CLOCK_SetFbiMode                                  ./drivers/fsl_clock.o
CLOCK_SetFeeMode                                  ./drivers/fsl_clock.o
CLOCK_SetFeiMode                                  ./drivers/fsl_clock.o
CLOCK_SetInternalRefClkConfig                     ./drivers/fsl_clock.o
                                                  ./board/clock_config.o
CLOCK_SetMcgConfig                                ./drivers/fsl_clock.o
CLOCK_SetOsc0MonitorMode                          ./drivers/fsl_clock.o
CLOCK_SetPbeMode                                  ./drivers/fsl_clock.o
CLOCK_SetPeeMode                                  ./drivers/fsl_clock.o
CLOCK_SetPll0MonitorMode                          ./drivers/fsl_clock.o
CLOCK_SetSimConfig                                ./drivers/fsl_clock.o
                                                  ./board/clock_config.o
CLOCK_TrimInternalRefClk                          ./drivers/fsl_clock.o
CMP0_DriverIRQHandler                             ./startup/startup_mkl25z4.o
CMP0_IRQHandler                                   ./startup/startup_mkl25z4.o
DAC0_DriverIRQHandler                             ./startup/startup_mkl25z4.o
DAC0_IRQHandler                                   ./startup/startup_mkl25z4.o
DMA0_DriverIRQHandler                             ./startup/startup_mkl25z4.o
DMA0_IRQHandler                                   ./startup/startup_mkl25z4.o
DMA1_DriverIRQHandler                             ./startup/startup_mkl25z4.o
DMA1_IRQHandler                                   ./startup/startup_mkl25z4.o
DMA2_DriverIRQHandler                             ./startup/startup_mkl25z4.o
DMA2_IRQHandler                                   ./startup/startup_mkl25z4.o
DMA3_DriverIRQHandler                             ./startup/startup_mkl25z4.o
DMA3_IRQHandler                                   ./startup/startup_mkl25z4.o
DbgConsole_Deinit                                 ./utilities/fsl_debug_console.o
DbgConsole_Init                                   ./utilities/fsl_debug_console.o
                                                  ./board/board.o
FLASH_Erase                                       ./drivers/fsl_flash.o
FLASH_EraseAll                                    ./drivers/fsl_flash.o
FLASH_EraseAllExecuteOnlySegments                 ./drivers/fsl_flash.o
FLASH_GetProperty                                 ./drivers/fsl_flash.o
FLASH_GetSecurityState                            ./drivers/fsl_flash.o
FLASH_Init                                        ./drivers/fsl_flash.o
FLASH_IsExecuteOnly                               ./drivers/fsl_flash.o
FLASH_IsProtected                                 ./drivers/fsl_flash.o
FLASH_PflashGetPrefetchSpeculation                ./drivers/fsl_flash.o
FLASH_PflashGetProtection                         ./drivers/fsl_flash.o
FLASH_PflashSetPrefetchSpeculation                ./drivers/fsl_flash.o
                                                  ./drivers/fsl_smc.o
FLASH_PflashSetProtection                         ./drivers/fsl_flash.o
FLASH_PrepareExecuteInRamFunctions                ./drivers/fsl_flash.o
FLASH_Program                                     ./drivers/fsl_flash.o
FLASH_ProgramOnce                                 ./drivers/fsl_flash.o
FLASH_ReadOnce                                    ./drivers/fsl_flash.o
FLASH_ReadResource                                ./drivers/fsl_flash.o
FLASH_SecurityBypass                              ./drivers/fsl_flash.o
FLASH_SetCallback                                 ./drivers/fsl_flash.o
FLASH_SetProperty                                 ./drivers/fsl_flash.o
FLASH_VerifyErase                                 ./drivers/fsl_flash.o
FLASH_VerifyEraseAll                              ./drivers/fsl_flash.o
FLASH_VerifyEraseAllExecuteOnlySegments           ./drivers/fsl_flash.o
FLASH_VerifyProgram                               ./drivers/fsl_flash.o
FTFA_DriverIRQHandler                             ./startup/startup_mkl25z4.o
FTFA_IRQHandler                                   ./startup/startup_mkl25z4.o
Flash_Config                                      ./startup/startup_mkl25z4.o
GPIO_ClearPinsInterruptFlags                      ./drivers/fsl_gpio.o
GPIO_GetPinsInterruptFlags                        ./drivers/fsl_gpio.o
GPIO_PinInit                                      ./drivers/fsl_gpio.o
HardFault_Handler                                 ./source/semihost_hardfault.o
                                                  ./startup/startup_mkl25z4.o
I2C0_DriverIRQHandler                             ./startup/startup_mkl25z4.o
I2C0_IRQHandler                                   ./startup/startup_mkl25z4.o
I2C1_DriverIRQHandler                             ./startup/startup_mkl25z4.o
I2C1_IRQHandler                                   ./startup/startup_mkl25z4.o
InstallIRQHandler                                 ./drivers/fsl_common.o
IntDefaultHandler                                 ./startup/startup_mkl25z4.o
LLWU_DriverIRQHandler                             ./startup/startup_mkl25z4.o
LLWU_IRQHandler                                   ./startup/startup_mkl25z4.o
LPSCI_ClearStatusFlags                            ./drivers/fsl_lpsci.o
LPSCI_Deinit                                      ./drivers/fsl_lpsci.o
                                                  ./utilities/fsl_debug_console.o
LPSCI_DisableInterrupts                           ./drivers/fsl_lpsci.o
LPSCI_EnableInterrupts                            ./drivers/fsl_lpsci.o
LPSCI_GetDefaultConfig                            ./drivers/fsl_lpsci.o
                                                  ./utilities/fsl_debug_console.o
LPSCI_GetEnabledInterrupts                        ./drivers/fsl_lpsci.o
LPSCI_GetInstance                                 ./drivers/fsl_lpsci.o
LPSCI_GetStatusFlags                              ./drivers/fsl_lpsci.o
LPSCI_Init                                        ./drivers/fsl_lpsci.o
                                                  ./utilities/fsl_debug_console.o
LPSCI_ReadBlocking                                ./drivers/fsl_lpsci.o
                                                  ./utilities/fsl_debug_console.o
LPSCI_SetBaudRate                                 ./drivers/fsl_lpsci.o
LPSCI_TransferAbortReceive                        ./drivers/fsl_lpsci.o
LPSCI_TransferAbortSend                           ./drivers/fsl_lpsci.o
LPSCI_TransferCreateHandle                        ./drivers/fsl_lpsci.o
LPSCI_TransferGetReceiveCount                     ./drivers/fsl_lpsci.o
LPSCI_TransferGetSendCount                        ./drivers/fsl_lpsci.o
LPSCI_TransferHandleErrorIRQ                      ./drivers/fsl_lpsci.o
LPSCI_TransferHandleIRQ                           ./drivers/fsl_lpsci.o
LPSCI_TransferReceiveNonBlocking                  ./drivers/fsl_lpsci.o
LPSCI_TransferSendNonBlocking                     ./drivers/fsl_lpsci.o
LPSCI_TransferStartRingBuffer                     ./drivers/fsl_lpsci.o
LPSCI_TransferStopRingBuffer                      ./drivers/fsl_lpsci.o
LPSCI_WriteBlocking                               ./drivers/fsl_lpsci.o
                                                  ./utilities/fsl_debug_console.o
LPTMR0_DriverIRQHandler                           ./startup/startup_mkl25z4.o
LPTMR0_IRQHandler                                 ./startup/startup_mkl25z4.o
LVD_LVW_DriverIRQHandler                          ./startup/startup_mkl25z4.o
LVD_LVW_IRQHandler                                ./startup/startup_mkl25z4.o
MCG_DriverIRQHandler                              ./startup/startup_mkl25z4.o
MCG_IRQHandler                                    ./startup/startup_mkl25z4.o
NMI_Handler                                       ./startup/startup_mkl25z4.o
PIT_DriverIRQHandler                              ./startup/startup_mkl25z4.o
PIT_IRQHandler                                    ./startup/startup_mkl25z4.o
PORTA_DriverIRQHandler                            ./startup/startup_mkl25z4.o
PORTA_IRQHandler                                  ./startup/startup_mkl25z4.o
PORTD_DriverIRQHandler                            ./startup/startup_mkl25z4.o
PORTD_IRQHandler                                  ./startup/startup_mkl25z4.o
PendSV_Handler                                    ./startup/startup_mkl25z4.o
RTC_DriverIRQHandler                              ./startup/startup_mkl25z4.o
RTC_IRQHandler                                    ./startup/startup_mkl25z4.o
RTC_Seconds_DriverIRQHandler                      ./startup/startup_mkl25z4.o
RTC_Seconds_IRQHandler                            ./source/RTC.o
                                                  ./startup/startup_mkl25z4.o
Reserved20_DriverIRQHandler                       ./startup/startup_mkl25z4.o
Reserved20_IRQHandler                             ./startup/startup_mkl25z4.o
Reserved39_DriverIRQHandler                       ./startup/startup_mkl25z4.o
Reserved39_IRQHandler                             ./startup/startup_mkl25z4.o
Reserved45_DriverIRQHandler                       ./startup/startup_mkl25z4.o
Reserved45_IRQHandler                             ./startup/startup_mkl25z4.o
ResetISR                                          ./startup/startup_mkl25z4.o
SMC_PostExitStopModes                             ./drivers/fsl_smc.o
SMC_PreEnterStopModes                             ./drivers/fsl_smc.o